Archive member included to satisfy reference by file (symbol)

C:/ST/STM32CubeIDE_1.14.1/STM32CubeIDE/plugins/com.st.stm32cube.ide.mcu.externaltools.gnu-tools-for-stm32.11.3.rel1.win32_1.1.100.202309141235/tools/bin/../lib/gcc/arm-none-eabi/11.3.1/../../../../arm-none-eabi/lib/thumb/v7e-m+fp/hard\libc_nano.a(libc_a-atoi.o)
                              ./Src/freertos.o (atoi)
C:/ST/STM32CubeIDE_1.14.1/STM32CubeIDE/plugins/com.st.stm32cube.ide.mcu.externaltools.gnu-tools-for-stm32.11.3.rel1.win32_1.1.100.202309141235/tools/bin/../lib/gcc/arm-none-eabi/11.3.1/../../../../arm-none-eabi/lib/thumb/v7e-m+fp/hard\libc_nano.a(libc_a-exit.o)
                              C:/ST/STM32CubeIDE_1.14.1/STM32CubeIDE/plugins/com.st.stm32cube.ide.mcu.externaltools.gnu-tools-for-stm32.11.3.rel1.win32_1.1.100.202309141235/tools/bin/../lib/gcc/arm-none-eabi/11.3.1/../../../../arm-none-eabi/lib/thumb/v7e-m+fp/hard/crt0.o (exit)
C:/ST/STM32CubeIDE_1.14.1/STM32CubeIDE/plugins/com.st.stm32cube.ide.mcu.externaltools.gnu-tools-for-stm32.11.3.rel1.win32_1.1.100.202309141235/tools/bin/../lib/gcc/arm-none-eabi/11.3.1/../../../../arm-none-eabi/lib/thumb/v7e-m+fp/hard\libc_nano.a(libc_a-strtol.o)
                              C:/ST/STM32CubeIDE_1.14.1/STM32CubeIDE/plugins/com.st.stm32cube.ide.mcu.externaltools.gnu-tools-for-stm32.11.3.rel1.win32_1.1.100.202309141235/tools/bin/../lib/gcc/arm-none-eabi/11.3.1/../../../../arm-none-eabi/lib/thumb/v7e-m+fp/hard\libc_nano.a(libc_a-atoi.o) (_strtol_r)
C:/ST/STM32CubeIDE_1.14.1/STM32CubeIDE/plugins/com.st.stm32cube.ide.mcu.externaltools.gnu-tools-for-stm32.11.3.rel1.win32_1.1.100.202309141235/tools/bin/../lib/gcc/arm-none-eabi/11.3.1/../../../../arm-none-eabi/lib/thumb/v7e-m+fp/hard\libc_nano.a(libc_a-ctype_.o)
                              C:/ST/STM32CubeIDE_1.14.1/STM32CubeIDE/plugins/com.st.stm32cube.ide.mcu.externaltools.gnu-tools-for-stm32.11.3.rel1.win32_1.1.100.202309141235/tools/bin/../lib/gcc/arm-none-eabi/11.3.1/../../../../arm-none-eabi/lib/thumb/v7e-m+fp/hard\libc_nano.a(libc_a-strtol.o) (_ctype_)
C:/ST/STM32CubeIDE_1.14.1/STM32CubeIDE/plugins/com.st.stm32cube.ide.mcu.externaltools.gnu-tools-for-stm32.11.3.rel1.win32_1.1.100.202309141235/tools/bin/../lib/gcc/arm-none-eabi/11.3.1/../../../../arm-none-eabi/lib/thumb/v7e-m+fp/hard\libc_nano.a(libc_a-findfp.o)
                              C:/ST/STM32CubeIDE_1.14.1/STM32CubeIDE/plugins/com.st.stm32cube.ide.mcu.externaltools.gnu-tools-for-stm32.11.3.rel1.win32_1.1.100.202309141235/tools/bin/../lib/gcc/arm-none-eabi/11.3.1/../../../../arm-none-eabi/lib/thumb/v7e-m+fp/hard\libc_nano.a(libc_a-exit.o) (__stdio_exit_handler)
C:/ST/STM32CubeIDE_1.14.1/STM32CubeIDE/plugins/com.st.stm32cube.ide.mcu.externaltools.gnu-tools-for-stm32.11.3.rel1.win32_1.1.100.202309141235/tools/bin/../lib/gcc/arm-none-eabi/11.3.1/../../../../arm-none-eabi/lib/thumb/v7e-m+fp/hard\libc_nano.a(libc_a-fwalk.o)
                              C:/ST/STM32CubeIDE_1.14.1/STM32CubeIDE/plugins/com.st.stm32cube.ide.mcu.externaltools.gnu-tools-for-stm32.11.3.rel1.win32_1.1.100.202309141235/tools/bin/../lib/gcc/arm-none-eabi/11.3.1/../../../../arm-none-eabi/lib/thumb/v7e-m+fp/hard\libc_nano.a(libc_a-findfp.o) (_fwalk_sglue)
C:/ST/STM32CubeIDE_1.14.1/STM32CubeIDE/plugins/com.st.stm32cube.ide.mcu.externaltools.gnu-tools-for-stm32.11.3.rel1.win32_1.1.100.202309141235/tools/bin/../lib/gcc/arm-none-eabi/11.3.1/../../../../arm-none-eabi/lib/thumb/v7e-m+fp/hard\libc_nano.a(libc_a-sprintf.o)
                              ./Src/freertos.o (sprintf)
C:/ST/STM32CubeIDE_1.14.1/STM32CubeIDE/plugins/com.st.stm32cube.ide.mcu.externaltools.gnu-tools-for-stm32.11.3.rel1.win32_1.1.100.202309141235/tools/bin/../lib/gcc/arm-none-eabi/11.3.1/../../../../arm-none-eabi/lib/thumb/v7e-m+fp/hard\libc_nano.a(libc_a-stdio.o)
                              C:/ST/STM32CubeIDE_1.14.1/STM32CubeIDE/plugins/com.st.stm32cube.ide.mcu.externaltools.gnu-tools-for-stm32.11.3.rel1.win32_1.1.100.202309141235/tools/bin/../lib/gcc/arm-none-eabi/11.3.1/../../../../arm-none-eabi/lib/thumb/v7e-m+fp/hard\libc_nano.a(libc_a-findfp.o) (__sread)
C:/ST/STM32CubeIDE_1.14.1/STM32CubeIDE/plugins/com.st.stm32cube.ide.mcu.externaltools.gnu-tools-for-stm32.11.3.rel1.win32_1.1.100.202309141235/tools/bin/../lib/gcc/arm-none-eabi/11.3.1/../../../../arm-none-eabi/lib/thumb/v7e-m+fp/hard\libc_nano.a(libc_a-memset.o)
                              C:/ST/STM32CubeIDE_1.14.1/STM32CubeIDE/plugins/com.st.stm32cube.ide.mcu.externaltools.gnu-tools-for-stm32.11.3.rel1.win32_1.1.100.202309141235/tools/bin/../lib/gcc/arm-none-eabi/11.3.1/../../../../arm-none-eabi/lib/thumb/v7e-m+fp/hard/crt0.o (memset)
C:/ST/STM32CubeIDE_1.14.1/STM32CubeIDE/plugins/com.st.stm32cube.ide.mcu.externaltools.gnu-tools-for-stm32.11.3.rel1.win32_1.1.100.202309141235/tools/bin/../lib/gcc/arm-none-eabi/11.3.1/../../../../arm-none-eabi/lib/thumb/v7e-m+fp/hard\libc_nano.a(libc_a-closer.o)
[...]
Memory Configuration

Name             Origin             Length             Attributes
CCMRAM           0x0000000010000000 0x0000000000010000 xrw
RAM              0x0000000020000000 0x0000000000020000 xrw
FLASH            0x0000000008000000 0x0000000000100000 xr
*default*        0x0000000000000000 0xffffffffffffffff

Linker script and memory map

LOAD C:/ST/STM32CubeIDE_1.14.1/STM32CubeIDE/plugins/com.st.stm32cube.ide.mcu.externaltools.gnu-tools-for-stm32.11.3.rel1.win32_1.1.100.202309141235/tools/bin/../lib/gcc/arm-none-eabi/11.3.1/thumb/v7e-m+fp/hard/crti.o
LOAD C:/ST/STM32CubeIDE_1.14.1/STM32CubeIDE/plugins/com.st.stm32cube.ide.mcu.externaltools.gnu-tools-for-stm32.11.3.rel1.win32_1.1.100.202309141235/tools/bin/../lib/gcc/arm-none-eabi/11.3.1/thumb/v7e-m+fp/hard/crtbegin.o
LOAD C:/ST/STM32CubeIDE_1.14.1/STM32CubeIDE/plugins/com.st.stm32cube.ide.mcu.externaltools.gnu-tools-for-stm32.11.3.rel1.win32_1.1.100.202309141235/tools/bin/../lib/gcc/arm-none-eabi/11.3.1/../../../../arm-none-eabi/lib/thumb/v7e-m+fp/hard/crt0.o
LOAD ./Drivers/STM32F4xx_HAL_Driver/Src/stm32f4xx_hal.o
LOAD ./Drivers/STM32F4xx_HAL_Driver/Src/stm32f4xx_hal_adc.o
LOAD ./Drivers/STM32F4xx_HAL_Driver/Src/stm32f4xx_hal_adc_ex.o
LOAD ./Drivers/STM32F4xx_HAL_Driver/Src/stm32f4xx_hal_cortex.o
LOAD ./Drivers/STM32F4xx_HAL_Driver/Src/stm32f4xx_hal_dma.o
LOAD ./Drivers/STM32F4xx_HAL_Driver/Src/stm32f4xx_hal_dma_ex.o
LOAD ./Drivers/STM32F4xx_HAL_Driver/Src/stm32f4xx_hal_exti.o
LOAD ./Drivers/STM32F4xx_HAL_Driver/Src/stm32f4xx_hal_flash.o
LOAD ./Drivers/STM32F4xx_HAL_Driver/Src/stm32f4xx_hal_flash_ex.o
LOAD ./Drivers/STM32F4xx_HAL_Driver/Src/stm32f4xx_hal_flash_ramfunc.o
LOAD ./Drivers/STM32F4xx_HAL_Driver/Src/stm32f4xx_hal_gpio.o
LOAD ./Drivers/STM32F4xx_HAL_Driver/Src/stm32f4xx_hal_pwr.o
LOAD ./Drivers/STM32F4xx_HAL_Driver/Src/stm32f4xx_hal_pwr_ex.o
LOAD ./Drivers/STM32F4xx_HAL_Driver/Src/stm32f4xx_hal_rcc.o
LOAD ./Drivers/STM32F4xx_HAL_Driver/Src/stm32f4xx_hal_rcc_ex.o
LOAD ./Drivers/STM32F4xx_HAL_Driver/Src/stm32f4xx_hal_spi.o
LOAD ./Drivers/STM32F4xx_HAL_Driver/Src/stm32f4xx_hal_tim.o
LOAD ./Drivers/STM32F4xx_HAL_Driver/Src/stm32f4xx_hal_tim_ex.o
LOAD ./Drivers/STM32F4xx_HAL_Driver/Src/stm32f4xx_hal_uart.o
LOAD ./Drivers/STM32F4xx_HAL_Driver/Src/stm32f4xx_ll_adc.o
LOAD ./Middlewares/Third_Party/FreeRTOS/Source/CMSIS_RTOS/cmsis_os.o
LOAD ./Middlewares/Third_Party/FreeRTOS/Source/croutine.o
LOAD ./Middlewares/Third_Party/FreeRTOS/Source/event_groups.o
LOAD ./Middlewares/Third_Party/FreeRTOS/Source/list.o
LOAD ./Middlewares/Third_Party/FreeRTOS/Source/queue.o
LOAD ./Middlewares/Third_Party/FreeRTOS/Source/stream_buffer.o
LOAD ./Middlewares/Third_Party/FreeRTOS/Source/tasks.o
LOAD ./Middlewares/Third_Party/FreeRTOS/Source/timers.o
LOAD ./Middlewares/Third_Party/FreeRTOS/Source/portable/GCC/ARM_CM4F/port.o
LOAD ./Middlewares/Third_Party/FreeRTOS/Source/portable/MemMang/heap_4.o
LOAD ./Src/adc.o
LOAD ./Src/freertos.o
LOAD ./Src/gpio.o
LOAD ./Src/main.o
LOAD ./Src/spi.o
LOAD ./Src/stm32f4xx_hal_msp.o
LOAD ./Src/stm32f4xx_it.o
LOAD ./Src/syscalls.o
LOAD ./Src/sysmem.o
LOAD ./Src/system_stm32f4xx.o
LOAD ./Src/tim.o
LOAD ./Src/usart.o
LOAD ./Startup/startup_stm32f407vgtx.o
LOAD ./W5500_Library/Ethernet/W5500/w5500.o
LOAD ./W5500_Library/Ethernet/socket.o
LOAD ./W5500_Library/Ethernet/wizchip_conf.o
LOAD ./W5500_Library/Internet/DHCP/dhcp.o
START GROUP
LOAD C:/ST/STM32CubeIDE_1.14.1/STM32CubeIDE/plugins/com.st.stm32cube.ide.mcu.externaltools.gnu-tools-for-stm32.11.3.rel1.win32_1.1.100.202309141235/tools/bin/../lib/gcc/arm-none-eabi/11.3.1/../../../../arm-none-eabi/lib/thumb/v7e-m+fp/hard\libc_nano.a
LOAD C:/ST/STM32CubeIDE_1.14.1/STM32CubeIDE/plugins/com.st.stm32cube.ide.mcu.externaltools.gnu-tools-for-stm32.11.3.rel1.win32_1.1.100.202309141235/tools/bin/../lib/gcc/arm-none-eabi/11.3.1/../../../../arm-none-eabi/lib/thumb/v7e-m+fp/hard\libm.a
END GROUP
START GROUP
LOAD C:/ST/STM32CubeIDE_1.14.1/STM32CubeIDE/plugins/com.st.stm32cube.ide.mcu.externaltools.gnu-tools-for-stm32.11.3.rel1.win32_1.1.100.202309141235/tools/bin/../lib/gcc/arm-none-eabi/11.3.1/thumb/v7e-m+fp/hard\libgcc.a
LOAD C:/ST/STM32CubeIDE_1.14.1/STM32CubeIDE/plugins/com.st.stm32cube.ide.mcu.externaltools.gnu-tools-for-stm32.11.3.rel1.win32_1.1.100.202309141235/tools/bin/../lib/gcc/arm-none-eabi/11.3.1/../../../../arm-none-eabi/lib/thumb/v7e-m+fp/hard\libc_nano.a
END GROUP
START GROUP
LOAD C:/ST/STM32CubeIDE_1.14.1/STM32CubeIDE/plugins/com.st.stm32cube.ide.mcu.externaltools.gnu-tools-for-stm32.11.3.rel1.win32_1.1.100.202309141235/tools/bin/../lib/gcc/arm-none-eabi/11.3.1/thumb/v7e-m+fp/hard\libgcc.a
LOAD C:/ST/STM32CubeIDE_1.14.1/STM32CubeIDE/plugins/com.st.stm32cube.ide.mcu.externaltools.gnu-tools-for-stm32.11.3.rel1.win32_1.1.100.202309141235/tools/bin/../lib/gcc/arm-none-eabi/11.3.1/../../../../arm-none-eabi/lib/thumb/v7e-m+fp/hard\libc_nano.a
LOAD C:/ST/STM32CubeIDE_1.14.1/STM32CubeIDE/plugins/com.st.stm32cube.ide.mcu.externaltools.gnu-tools-for-stm32.11.3.rel1.win32_1.1.100.202309141235/tools/bin/../lib/gcc/arm-none-eabi/11.3.1/../../../../arm-none-eabi/lib/thumb/v7e-m+fp/hard\libnosys.a
END GROUP
START GROUP
LOAD C:/ST/STM32CubeIDE_1.14.1/STM32CubeIDE/plugins/com.st.stm32cube.ide.mcu.externaltools.gnu-tools-for-stm32.11.3.rel1.win32_1.1.100.202309141235/tools/bin/../lib/gcc/arm-none-eabi/11.3.1/thumb/v7e-m+fp/hard\libgcc.a
LOAD C:/ST/STM32CubeIDE_1.14.1/STM32CubeIDE/plugins/com.st.stm32cube.ide.mcu.externaltools.gnu-tools-for-stm32.11.3.rel1.win32_1.1.100.202309141235/tools/bin/../lib/gcc/arm-none-eabi/11.3.1/../../../../arm-none-eabi/lib/thumb/v7e-m+fp/hard\libc_nano.a
LOAD C:/ST/STM32CubeIDE_1.14.1/STM32CubeIDE/plugins/com.st.stm32cube.ide.mcu.externaltools.gnu-tools-for-stm32.11.3.rel1.win32_1.1.100.202309141235/tools/bin/../lib/gcc/arm-none-eabi/11.3.1/../../../../arm-none-eabi/lib/thumb/v7e-m+fp/hard\libnosys.a
END GROUP
LOAD C:/ST/STM32CubeIDE_1.14.1/STM32CubeIDE/plugins/com.st.stm32cube.ide.mcu.externaltools.gnu-tools-for-stm32.11.3.rel1.win32_1.1.100.202309141235/tools/bin/../lib/gcc/arm-none-eabi/11.3.1/thumb/v7e-m+fp/hard/crtend.o
LOAD C:/ST/STM32CubeIDE_1.14.1/STM32CubeIDE/plugins/com.st.stm32cube.ide.mcu.externaltools.gnu-tools-for-stm32.11.3.rel1.win32_1.1.100.202309141235/tools/bin/../lib/gcc/arm-none-eabi/11.3.1/thumb/v7e-m+fp/hard/crtn.o
                0x0000000020020000                _estack = (ORIGIN (RAM) + LENGTH (RAM))
                0x0000000000000200                _Min_Heap_Size = 0x200
                0x0000000000000400                _Min_Stack_Size = 0x400

.isr_vector     0x0000000008000000      0x188
                0x0000000008000000                . = ALIGN (0x4)
 *(.isr_vector)
 .isr_vector    0x0000000008000000      0x188 ./Startup/startup_stm32f407vgtx.o
                0x0000000008000000                g_pfnVectors
                0x0000000008000188                . = ALIGN (0x4)

.text           0x0000000008000190     0x8e34
                0x0000000008000190                . = ALIGN (0x4)
 *(.text)
 .text          0x0000000008000190       0x40 C:/ST/STM32CubeIDE_1.14.1/STM32CubeIDE/plugins/com.st.stm32cube.ide.mcu.externaltools.gnu-tools-for-stm32.11.3.rel1.win32_1.1.100.202309141235/tools/bin/../lib/gcc/arm-none-eabi/11.3.1/thumb/v7e-m+fp/hard/crtbegin.o
 .text          0x00000000080001d0       0x10 C:/ST/STM32CubeIDE_1.14.1/STM32CubeIDE/plugins/com.st.stm32cube.ide.mcu.externaltools.gnu-tools-for-stm32.11.3.rel1.win32_1.1.100.202309141235/tools/bin/../lib/gcc/arm-none-eabi/11.3.1/../../../../arm-none-eabi/lib/thumb/v7e-m+fp/hard\libc_nano.a(libc_a-strlen.o)
                0x00000000080001d0                strlen
 .text          0x00000000080001e0       0xa0 C:/ST/STM32CubeIDE_1.14.1/STM32CubeIDE/plugins/com.st.stm32cube.ide.mcu.externaltools.gnu-tools-for-stm32.11.3.rel1.win32_1.1.100.202309141235/tools/bin/../lib/gcc/arm-none-eabi/11.3.1/../../../../arm-none-eabi/lib/thumb/v7e-m+fp/hard\libc_nano.a(libc_a-memchr.o)
                0x00000000080001e0                memchr
 .text          0x0000000008000280      0x378 C:/ST/STM32CubeIDE_1.14.1/STM32CubeIDE/plugins/com.st.stm32cube.ide.mcu.externaltools.gnu-tools-for-stm32.11.3.rel1.win32_1.1.100.202309141235/tools/bin/../lib/gcc/arm-none-eabi/11.3.1/thumb/v7e-m+fp/hard\libgcc.a(_arm_addsubdf3.o)
                0x0000000008000280                __aeabi_drsub
                0x0000000008000288                __aeabi_dsub
                0x0000000008000288                __subdf3
                0x000000000800028c                __aeabi_dadd
                0x000000000800028c                __adddf3
                0x0000000008000504                __floatunsidf
                0x0000000008000504                __aeabi_ui2d
                0x0000000008000524                __floatsidf
                0x0000000008000524                __aeabi_i2d
                0x0000000008000548                __aeabi_f2d
                0x0000000008000548                __extendsfdf2
                0x000000000800058c                __floatundidf
                0x000000000800058c                __aeabi_ul2d
                0x000000000800059c                __floatdidf
                0x000000000800059c                __aeabi_l2d
 .text          0x00000000080005f8      0x424 C:/ST/STM32CubeIDE_1.14.1/STM32CubeIDE/plugins/com.st.stm32cube.ide.mcu.externaltools.gnu-tools-for-stm32.11.3.rel1.win32_1.1.100.202309141235/tools/bin/../lib/gcc/arm-none-eabi/11.3.1/thumb/v7e-m+fp/hard\libgcc.a(_arm_muldivdf3.o)
                0x00000000080005f8                __aeabi_dmul
                0x00000000080005f8                __muldf3
                0x000000000800084c                __divdf3
                0x000000000800084c                __aeabi_ddiv
 .text          0x0000000008000a1c       0x40 C:/ST/STM32CubeIDE_1.14.1/STM32CubeIDE/plugins/com.st.stm32cube.ide.mcu.externaltools.gnu-tools-for-stm32.11.3.rel1.win32_1.1.100.202309141235/tools/bin/../lib/gcc/arm-none-eabi/11.3.1/thumb/v7e-m+fp/hard\libgcc.a(_arm_fixunsdfsi.o)
                0x0000000008000a1c                __aeabi_d2uiz
                0x0000000008000a1c                __fixunsdfsi
 .text          0x0000000008000a5c       0x30 C:/ST/STM32CubeIDE_1.14.1/STM32CubeIDE/plugins/com.st.stm32cube.ide.mcu.externaltools.gnu-tools-for-stm32.11.3.rel1.win32_1.1.100.202309141235/tools/bin/../lib/gcc/arm-none-eabi/11.3.1/thumb/v7e-m+fp/hard\libgcc.a(_aeabi_uldivmod.o)
                0x0000000008000a5c                __aeabi_uldivmod
 .text          0x0000000008000a8c      0x2c8 C:/ST/STM32CubeIDE_1.14.1/STM32CubeIDE/plugins/com.st.stm32cube.ide.mcu.externaltools.gnu-tools-for-stm32.11.3.rel1.win32_1.1.100.202309141235/tools/bin/../lib/gcc/arm-none-eabi/11.3.1/thumb/v7e-m+fp/hard\libgcc.a(_udivmoddi4.o)
                0x0000000008000a8c                __udivmoddi4
 .text          0x0000000008000d54        0x4 C:/ST/STM32CubeIDE_1.14.1/STM32CubeIDE/plugins/com.st.stm32cube.ide.mcu.externaltools.gnu-tools-for-stm32.11.3.rel1.win32_1.1.100.202309141235/tools/bin/../lib/gcc/arm-none-eabi/11.3.1/thumb/v7e-m+fp/hard\libgcc.a(_dvmd_tls.o)
                0x0000000008000d54                __aeabi_idiv0
                0x0000000008000d54                __aeabi_ldiv0
 *(.text*)
 .text.HAL_Init
                0x0000000008000d58       0x44 ./Drivers/STM32F4xx_HAL_Driver/Src/stm32f4xx_hal.o
                0x0000000008000d58                HAL_Init
 .text.HAL_InitTick
                0x0000000008000d9c       0x60 ./Drivers/STM32F4xx_HAL_Driver/Src/stm32f4xx_hal.o
                0x0000000008000d9c                HAL_InitTick
 .text.HAL_IncTick
                0x0000000008000dfc       0x28 ./Drivers/STM32F4xx_HAL_Driver/Src/stm32f4xx_hal.o
                0x0000000008000dfc                HAL_IncTick
 .text.HAL_GetTick
                0x0000000008000e24       0x18 ./Drivers/STM32F4xx_HAL_Driver/Src/stm32f4xx_hal.o
                0x0000000008000e24                HAL_GetTick
 .text.HAL_ADC_Init
                0x0000000008000e3c       0x86 ./Drivers/STM32F4xx_HAL_Driver/Src/stm32f4xx_hal_adc.o
                0x0000000008000e3c                HAL_ADC_Init
 *fill*         0x0000000008000ec2        0x2 
 .text.HAL_ADC_Start
                0x0000000008000ec4      0x1a4 ./Drivers/STM32F4xx_HAL_Driver/Src/stm32f4xx_hal_adc.o
                0x0000000008000ec4                HAL_ADC_Start
 .text.HAL_ADC_Stop
                0x0000000008001068       0x66 ./Drivers/STM32F4xx_HAL_Driver/Src/stm32f4xx_hal_adc.o
                0x0000000008001068                HAL_ADC_Stop
 .text.HAL_ADC_PollForConversion
                0x00000000080010ce      0x116 ./Drivers/STM32F4xx_HAL_Driver/Src/stm32f4xx_hal_adc.o
                0x00000000080010ce                HAL_ADC_PollForConversion
 .text.HAL_ADC_GetValue
                0x00000000080011e4       0x1a ./Drivers/STM32F4xx_HAL_Driver/Src/stm32f4xx_hal_adc.o
                0x00000000080011e4                HAL_ADC_GetValue
 *fill*         0x00000000080011fe        0x2 
 .text.HAL_ADC_ConfigChannel
                0x0000000008001200      0x244 ./Drivers/STM32F4xx_HAL_Driver/Src/stm32f4xx_hal_adc.o
                0x0000000008001200                HAL_ADC_ConfigChannel
 .text.ADC_Init
                0x0000000008001444      0x1f8 ./Drivers/STM32F4xx_HAL_Driver/Src/stm32f4xx_hal_adc.o
 .text.__NVIC_SetPriorityGrouping
                0x000000000800163c       0x48 ./Drivers/STM32F4xx_HAL_Driver/Src/stm32f4xx_hal_cortex.o
 .text.__NVIC_GetPriorityGrouping
                0x0000000008001684       0x1c ./Drivers/STM32F4xx_HAL_Driver/Src/stm32f4xx_hal_cortex.o
 .text.__NVIC_SetPriority
                0x00000000080016a0       0x54 ./Drivers/STM32F4xx_HAL_Driver/Src/stm32f4xx_hal_cortex.o
 .text.NVIC_EncodePriority
                0x00000000080016f4       0x66 ./Drivers/STM32F4xx_HAL_Driver/Src/stm32f4xx_hal_cortex.o
 *fill*         0x000000000800175a        0x2 
 .text.SysTick_Config
                0x000000000800175c       0x44 ./Drivers/STM32F4xx_HAL_Driver/Src/stm32f4xx_hal_cortex.o
 .text.HAL_NVIC_SetPriorityGrouping
                0x00000000080017a0       0x16 ./Drivers/STM32F4xx_HAL_Driver/Src/stm32f4xx_hal_cortex.o
                0x00000000080017a0                HAL_NVIC_SetPriorityGrouping
 .text.HAL_NVIC_SetPriority
                0x00000000080017b6       0x38 ./Drivers/STM32F4xx_HAL_Driver/Src/stm32f4xx_hal_cortex.o
                0x00000000080017b6                HAL_NVIC_SetPriority
 .text.HAL_SYSTICK_Config
                0x00000000080017ee       0x18 ./Drivers/STM32F4xx_HAL_Driver/Src/stm32f4xx_hal_cortex.o
                0x00000000080017ee                HAL_SYSTICK_Config
 *fill*         0x0000000008001806        0x2 
 .text.HAL_GPIO_Init
                0x0000000008001808      0x338 ./Drivers/STM32F4xx_HAL_Driver/Src/stm32f4xx_hal_gpio.o
                0x0000000008001808                HAL_GPIO_Init
 .text.HAL_GPIO_WritePin
                0x0000000008001b40       0x32 ./Drivers/STM32F4xx_HAL_Driver/Src/stm32f4xx_hal_gpio.o
                0x0000000008001b40                HAL_GPIO_WritePin
 *fill*         0x0000000008001b72        0x2 
 .text.HAL_RCC_OscConfig
                0x0000000008001b74      0x4f0 ./Drivers/STM32F4xx_HAL_Driver/Src/stm32f4xx_hal_rcc.o
                0x0000000008001b74                HAL_RCC_OscConfig
 .text.HAL_RCC_ClockConfig
                0x0000000008002064      0x1cc ./Drivers/STM32F4xx_HAL_Driver/Src/stm32f4xx_hal_rcc.o
                0x0000000008002064                HAL_RCC_ClockConfig
 .text.HAL_RCC_GetSysClockFreq
                0x0000000008002230      0x18c ./Drivers/STM32F4xx_HAL_Driver/Src/stm32f4xx_hal_rcc.o
                0x0000000008002230                HAL_RCC_GetSysClockFreq
 .text.HAL_RCC_GetHCLKFreq
                0x00000000080023bc       0x18 ./Drivers/STM32F4xx_HAL_Driver/Src/stm32f4xx_hal_rcc.o
                0x00000000080023bc                HAL_RCC_GetHCLKFreq
 .text.HAL_RCC_GetPCLK1Freq
                0x00000000080023d4       0x28 ./Drivers/STM32F4xx_HAL_Driver/Src/stm32f4xx_hal_rcc.o
                0x00000000080023d4                HAL_RCC_GetPCLK1Freq
 .text.HAL_RCC_GetPCLK2Freq
                0x00000000080023fc       0x28 ./Drivers/STM32F4xx_HAL_Driver/Src/stm32f4xx_hal_rcc.o
                0x00000000080023fc                HAL_RCC_GetPCLK2Freq
 .text.HAL_SPI_Init
                0x0000000008002424      0x112 ./Drivers/STM32F4xx_HAL_Driver/Src/stm32f4xx_hal_spi.o
                0x0000000008002424                HAL_SPI_Init
 .text.HAL_SPI_Transmit
                0x0000000008002536      0x288 ./Drivers/STM32F4xx_HAL_Driver/Src/stm32f4xx_hal_spi.o
                0x0000000008002536                HAL_SPI_Transmit
 .text.HAL_SPI_Receive
                0x00000000080027be      0x232 ./Drivers/STM32F4xx_HAL_Driver/Src/stm32f4xx_hal_spi.o
                0x00000000080027be                HAL_SPI_Receive
 .text.HAL_SPI_TransmitReceive
                0x00000000080029f0      0x352 ./Drivers/STM32F4xx_HAL_Driver/Src/stm32f4xx_hal_spi.o
                0x00000000080029f0                HAL_SPI_TransmitReceive
 *fill*         0x0000000008002d42        0x2 
 .text.SPI_WaitFlagStateUntilTimeout
                0x0000000008002d44      0x110 ./Drivers/STM32F4xx_HAL_Driver/Src/stm32f4xx_hal_spi.o
 .text.SPI_EndRxTransaction
                0x0000000008002e54       0xca ./Drivers/STM32F4xx_HAL_Driver/Src/stm32f4xx_hal_spi.o
 *fill*         0x0000000008002f1e        0x2 
 .text.SPI_EndRxTxTransaction
                0x0000000008002f20       0xa8 ./Drivers/STM32F4xx_HAL_Driver/Src/stm32f4xx_hal_spi.o
 .text.HAL_TIM_PWM_Init
                0x0000000008002fc8       0x9e ./Drivers/STM32F4xx_HAL_Driver/Src/stm32f4xx_hal_tim.o
                0x0000000008002fc8                HAL_TIM_PWM_Init
 *fill*         0x0000000008003066        0x2 
 .text.HAL_TIM_PWM_Start
                0x0000000008003068      0x190 ./Drivers/STM32F4xx_HAL_Driver/Src/stm32f4xx_hal_tim.o
                0x0000000008003068                HAL_TIM_PWM_Start
 .text.HAL_TIM_PWM_ConfigChannel
                0x00000000080031f8      0x184 ./Drivers/STM32F4xx_HAL_Driver/Src/stm32f4xx_hal_tim.o
                0x00000000080031f8                HAL_TIM_PWM_ConfigChannel
 .text.TIM_Base_SetConfig
                0x000000000800337c      0x14c ./Drivers/STM32F4xx_HAL_Driver/Src/stm32f4xx_hal_tim.o
                0x000000000800337c                TIM_Base_SetConfig
 .text.TIM_OC1_SetConfig
                0x00000000080034c8       0xe0 ./Drivers/STM32F4xx_HAL_Driver/Src/stm32f4xx_hal_tim.o
 .text.TIM_OC2_SetConfig
                0x00000000080035a8       0xec ./Drivers/STM32F4xx_HAL_Driver/Src/stm32f4xx_hal_tim.o
                0x00000000080035a8                TIM_OC2_SetConfig
 .text.TIM_OC3_SetConfig
                0x0000000008003694       0xe8 ./Drivers/STM32F4xx_HAL_Driver/Src/stm32f4xx_hal_tim.o
 .text.TIM_OC4_SetConfig
                0x000000000800377c       0xac ./Drivers/STM32F4xx_HAL_Driver/Src/stm32f4xx_hal_tim.o
 .text.TIM_CCxChannelCmd
                0x0000000008003828       0x4a ./Drivers/STM32F4xx_HAL_Driver/Src/stm32f4xx_hal_tim.o
                0x0000000008003828                TIM_CCxChannelCmd
 *fill*         0x0000000008003872        0x2 
 .text.HAL_TIMEx_MasterConfigSynchronization
                0x0000000008003874       0xf8 ./Drivers/STM32F4xx_HAL_Driver/Src/stm32f4xx_hal_tim_ex.o
                0x0000000008003874                HAL_TIMEx_MasterConfigSynchronization
 .text.HAL_UART_Init
                0x000000000800396c       0xa0 ./Drivers/STM32F4xx_HAL_Driver/Src/stm32f4xx_hal_uart.o
                0x000000000800396c                HAL_UART_Init
 .text.HAL_UART_Transmit
                0x0000000008003a0c      0x116 ./Drivers/STM32F4xx_HAL_Driver/Src/stm32f4xx_hal_uart.o
                0x0000000008003a0c                HAL_UART_Transmit
 .text.UART_WaitOnFlagUntilTimeout
                0x0000000008003b22       0xb2 ./Drivers/STM32F4xx_HAL_Driver/Src/stm32f4xx_hal_uart.o
 .text.UART_EndRxTransfer
                0x0000000008003bd4       0xc6 ./Drivers/STM32F4xx_HAL_Driver/Src/stm32f4xx_hal_uart.o
 *fill*         0x0000000008003c9a        0x2 
 .text.UART_SetConfig
                0x0000000008003c9c      0x4e8 ./Drivers/STM32F4xx_HAL_Driver/Src/stm32f4xx_hal_uart.o
 .text.makeFreeRtosPriority
                0x0000000008004184       0x30 ./Middlewares/Third_Party/FreeRTOS/Source/CMSIS_RTOS/cmsis_os.o
 .text.osKernelStart
                0x00000000080041b4        0xe ./Middlewares/Third_Party/FreeRTOS/Source/CMSIS_RTOS/cmsis_os.o
                0x00000000080041b4                osKernelStart
 .text.osThreadCreate
                0x00000000080041c2       0x98 ./Middlewares/Third_Party/FreeRTOS/Source/CMSIS_RTOS/cmsis_os.o
                0x00000000080041c2                osThreadCreate
 .text.osDelay  0x000000000800425a       0x28 ./Middlewares/Third_Party/FreeRTOS/Source/CMSIS_RTOS/cmsis_os.o
                0x000000000800425a                osDelay
 .text.vListInitialise
                0x0000000008004282       0x40 ./Middlewares/Third_Party/FreeRTOS/Source/list.o
                0x0000000008004282                vListInitialise
 .text.vListInitialiseItem
                0x00000000080042c2       0x1a ./Middlewares/Third_Party/FreeRTOS/Source/list.o
                0x00000000080042c2                vListInitialiseItem
 .text.vListInsertEnd
                0x00000000080042dc       0x48 ./Middlewares/Third_Party/FreeRTOS/Source/list.o
                0x00000000080042dc                vListInsertEnd
 .text.vListInsert
                0x0000000008004324       0x72 ./Middlewares/Third_Party/FreeRTOS/Source/list.o
                0x0000000008004324                vListInsert
 .text.uxListRemove
                0x0000000008004396       0x54 ./Middlewares/Third_Party/FreeRTOS/Source/list.o
                0x0000000008004396                uxListRemove
 *fill*         0x00000000080043ea        0x2 
 .text.xQueueGenericReset
                0x00000000080043ec       0xd0 ./Middlewares/Third_Party/FreeRTOS/Source/queue.o
                0x00000000080043ec                xQueueGenericReset
 .text.xQueueGenericCreate
                0x00000000080044bc       0x74 ./Middlewares/Third_Party/FreeRTOS/Source/queue.o
                0x00000000080044bc                xQueueGenericCreate
 .text.prvInitialiseNewQueue
                0x0000000008004530       0x3e ./Middlewares/Third_Party/FreeRTOS/Source/queue.o
 .text.prvInitialiseMutex
                0x000000000800456e       0x34 ./Middlewares/Third_Party/FreeRTOS/Source/queue.o
 .text.xQueueCreateMutex
                0x00000000080045a2       0x30 ./Middlewares/Third_Party/FreeRTOS/Source/queue.o
                0x00000000080045a2                xQueueCreateMutex
 *fill*         0x00000000080045d2        0x2 
 .text.xQueueGenericSend
                0x00000000080045d4      0x1fc ./Middlewares/Third_Party/FreeRTOS/Source/queue.o
                0x00000000080045d4                xQueueGenericSend
 .text.xQueueReceive
                0x00000000080047d0      0x1c0 ./Middlewares/Third_Party/FreeRTOS/Source/queue.o
                0x00000000080047d0                xQueueReceive
 .text.xQueueSemaphoreTake
                0x0000000008004990      0x218 ./Middlewares/Third_Party/FreeRTOS/Source/queue.o
                0x0000000008004990                xQueueSemaphoreTake
 .text.prvGetDisinheritPriorityAfterTimeout
                0x0000000008004ba8       0x30 ./Middlewares/Third_Party/FreeRTOS/Source/queue.o
 .text.prvCopyDataToQueue
                0x0000000008004bd8       0xd4 ./Middlewares/Third_Party/FreeRTOS/Source/queue.o
 .text.prvCopyDataFromQueue
                0x0000000008004cac       0x4c ./Middlewares/Third_Party/FreeRTOS/Source/queue.o
 .text.prvUnlockQueue
                0x0000000008004cf8       0xa4 ./Middlewares/Third_Party/FreeRTOS/Source/queue.o
 .text.prvIsQueueEmpty
                0x0000000008004d9c       0x2c ./Middlewares/Third_Party/FreeRTOS/Source/queue.o
 .text.prvIsQueueFull
                0x0000000008004dc8       0x30 ./Middlewares/Third_Party/FreeRTOS/Source/queue.o
 .text.xTaskCreateStatic
                0x0000000008004df8       0xba ./Middlewares/Third_Party/FreeRTOS/Source/tasks.o
                0x0000000008004df8                xTaskCreateStatic
 .text.xTaskCreate
                0x0000000008004eb2       0x8a ./Middlewares/Third_Party/FreeRTOS/Source/tasks.o
                0x0000000008004eb2                xTaskCreate
 .text.prvInitialiseNewTask
                0x0000000008004f3c      0x10e ./Middlewares/Third_Party/FreeRTOS/Source/tasks.o
 *fill*         0x000000000800504a        0x2 
 .text.prvAddNewTaskToReadyList
                0x000000000800504c       0xd4 ./Middlewares/Third_Party/FreeRTOS/Source/tasks.o
 .text.vTaskDelay
                0x0000000008005120       0x68 ./Middlewares/Third_Party/FreeRTOS/Source/tasks.o
                0x0000000008005120                vTaskDelay
 .text.vTaskStartScheduler
                0x0000000008005188       0xc0 ./Middlewares/Third_Party/FreeRTOS/Source/tasks.o
                0x0000000008005188                vTaskStartScheduler
 .text.vTaskSuspendAll
                0x0000000008005248       0x1c ./Middlewares/Third_Party/FreeRTOS/Source/tasks.o
                0x0000000008005248                vTaskSuspendAll
 .text.xTaskResumeAll
                0x0000000008005264      0x138 ./Middlewares/Third_Party/FreeRTOS/Source/tasks.o
                0x0000000008005264                xTaskResumeAll
 .text.xTaskIncrementTick
                0x000000000800539c      0x170 ./Middlewares/Third_Party/FreeRTOS/Source/tasks.o
                0x000000000800539c                xTaskIncrementTick
 .text.vTaskSwitchContext
                0x000000000800550c       0xb8 ./Middlewares/Third_Party/FreeRTOS/Source/tasks.o
                0x000000000800550c                vTaskSwitchContext
 .text.vTaskPlaceOnEventList
                0x00000000080055c4       0x48 ./Middlewares/Third_Party/FreeRTOS/Source/tasks.o
                0x00000000080055c4                vTaskPlaceOnEventList
 .text.xTaskRemoveFromEventList
                0x000000000800560c       0xc4 ./Middlewares/Third_Party/FreeRTOS/Source/tasks.o
                0x000000000800560c                xTaskRemoveFromEventList
 .text.vTaskInternalSetTimeOutState
                0x00000000080056d0       0x2c ./Middlewares/Third_Party/FreeRTOS/Source/tasks.o
                0x00000000080056d0                vTaskInternalSetTimeOutState
 .text.xTaskCheckForTimeOut
                0x00000000080056fc       0xc4 ./Middlewares/Third_Party/FreeRTOS/Source/tasks.o
                0x00000000080056fc                xTaskCheckForTimeOut
 .text.vTaskMissedYield
                0x00000000080057c0       0x18 ./Middlewares/Third_Party/FreeRTOS/Source/tasks.o
                0x00000000080057c0                vTaskMissedYield
 .text.prvIdleTask
                0x00000000080057d8       0x30 ./Middlewares/Third_Party/FreeRTOS/Source/tasks.o
 .text.prvInitialiseTaskLists
                0x0000000008005808       0x80 ./Middlewares/Third_Party/FreeRTOS/Source/tasks.o
 .text.prvCheckTasksWaitingTermination
                0x0000000008005888       0x5c ./Middlewares/Third_Party/FreeRTOS/Source/tasks.o
 .text.prvDeleteTCB
                0x00000000080058e4       0x5e ./Middlewares/Third_Party/FreeRTOS/Source/tasks.o
 *fill*         0x0000000008005942        0x2 
 .text.prvResetNextTaskUnblockTime
                0x0000000008005944       0x40 ./Middlewares/Third_Party/FreeRTOS/Source/tasks.o
 .text.xTaskGetSchedulerState
                0x0000000008005984       0x3c ./Middlewares/Third_Party/FreeRTOS/Source/tasks.o
                0x0000000008005984                xTaskGetSchedulerState
 .text.xTaskPriorityInherit
                0x00000000080059c0       0xec ./Middlewares/Third_Party/FreeRTOS/Source/tasks.o
                0x00000000080059c0                xTaskPriorityInherit
 .text.xTaskPriorityDisinherit
                0x0000000008005aac      0x10c ./Middlewares/Third_Party/FreeRTOS/Source/tasks.o
                0x0000000008005aac                xTaskPriorityDisinherit
 .text.vTaskPriorityDisinheritAfterTimeout
                0x0000000008005bb8      0x11c ./Middlewares/Third_Party/FreeRTOS/Source/tasks.o
                0x0000000008005bb8                vTaskPriorityDisinheritAfterTimeout
 .text.pvTaskIncrementMutexHeldCount
                0x0000000008005cd4       0x28 ./Middlewares/Third_Party/FreeRTOS/Source/tasks.o
                0x0000000008005cd4                pvTaskIncrementMutexHeldCount
 .text.prvAddCurrentTaskToDelayedList
                0x0000000008005cfc       0xcc ./Middlewares/Third_Party/FreeRTOS/Source/tasks.o
 .text.pxPortInitialiseStack
                0x0000000008005dc8       0x68 ./Middlewares/Third_Party/FreeRTOS/Source/portable/GCC/ARM_CM4F/port.o
                0x0000000008005dc8                pxPortInitialiseStack
 .text.prvTaskExitError
                0x0000000008005e30       0x58 ./Middlewares/Third_Party/FreeRTOS/Source/portable/GCC/ARM_CM4F/port.o
 *fill*         0x0000000008005e88        0x8 
 .text.SVC_Handler
                0x0000000008005e90       0x28 ./Middlewares/Third_Party/FreeRTOS/Source/portable/GCC/ARM_CM4F/port.o
                0x0000000008005e90                SVC_Handler
 .text.prvPortStartFirstTask
                0x0000000008005eb8       0x28 ./Middlewares/Third_Party/FreeRTOS/Source/portable/GCC/ARM_CM4F/port.o
 .text.xPortStartScheduler
                0x0000000008005ee0      0x144 ./Middlewares/Third_Party/FreeRTOS/Source/portable/GCC/ARM_CM4F/port.o
                0x0000000008005ee0                xPortStartScheduler
 .text.vPortEnterCritical
                0x0000000008006024       0x60 ./Middlewares/Third_Party/FreeRTOS/Source/portable/GCC/ARM_CM4F/port.o
                0x0000000008006024                vPortEnterCritical
 .text.vPortExitCritical
                0x0000000008006084       0x54 ./Middlewares/Third_Party/FreeRTOS/Source/portable/GCC/ARM_CM4F/port.o
                0x0000000008006084                vPortExitCritical
 *fill*         0x00000000080060d8        0x8 
 .text.PendSV_Handler
                0x00000000080060e0       0x68 ./Middlewares/Third_Party/FreeRTOS/Source/portable/GCC/ARM_CM4F/port.o
                0x00000000080060e0                PendSV_Handler
 .text.xPortSysTickHandler
                0x0000000008006148       0x44 ./Middlewares/Third_Party/FreeRTOS/Source/portable/GCC/ARM_CM4F/port.o
                0x0000000008006148                xPortSysTickHandler
 .text.vPortSetupTimerInterrupt
                0x000000000800618c       0x48 ./Middlewares/Third_Party/FreeRTOS/Source/portable/GCC/ARM_CM4F/port.o
                0x000000000800618c                vPortSetupTimerInterrupt
 .text.vPortEnableVFP
                0x00000000080061d4       0x14 ./Middlewares/Third_Party/FreeRTOS/Source/portable/GCC/ARM_CM4F/port.o
 .text.pvPortMalloc
                0x00000000080061e8      0x198 ./Middlewares/Third_Party/FreeRTOS/Source/portable/MemMang/heap_4.o
                0x00000000080061e8                pvPortMalloc
 .text.vPortFree
                0x0000000008006380       0xc4 ./Middlewares/Third_Party/FreeRTOS/Source/portable/MemMang/heap_4.o
                0x0000000008006380                vPortFree
 .text.prvHeapInit
                0x0000000008006444       0xc4 ./Middlewares/Third_Party/FreeRTOS/Source/portable/MemMang/heap_4.o
 .text.prvInsertBlockIntoFreeList
                0x0000000008006508       0xb4 ./Middlewares/Third_Party/FreeRTOS/Source/portable/MemMang/heap_4.o
 .text.MX_ADC1_Init
                0x00000000080065bc       0xa4 ./Src/adc.o
                0x00000000080065bc                MX_ADC1_Init
 .text.HAL_ADC_MspInit
                0x0000000008006660       0x88 ./Src/adc.o
                0x0000000008006660                HAL_ADC_MspInit
 .text.vApplicationGetIdleTaskMemory
                0x00000000080066e8       0x34 ./Src/freertos.o
                0x00000000080066e8                vApplicationGetIdleTaskMemory
 .text.MX_FREERTOS_Init
                0x000000000800671c      0x128 ./Src/freertos.o
                0x000000000800671c                MX_FREERTOS_Init
 .text.StartDefaultTask
                0x0000000008006844       0x10 ./Src/freertos.o
                0x0000000008006844                StartDefaultTask
 *fill*         0x0000000008006854        0x4 
 .text.StartPwmTask
                0x0000000008006858       0x78 ./Src/freertos.o
                0x0000000008006858                StartPwmTask
 .text.StartAdcTask
                0x00000000080068d0       0xc4 ./Src/freertos.o
                0x00000000080068d0                StartAdcTask
 .text.StartRxW5500Task
                0x0000000008006994      0x254 ./Src/freertos.o
                0x0000000008006994                StartRxW5500Task
 .text.StartTxW5500Task
                0x0000000008006be8       0xd4 ./Src/freertos.o
                0x0000000008006be8                StartTxW5500Task
 .text.w5500_spi_select
                0x0000000008006cbc       0x18 ./Src/freertos.o
                0x0000000008006cbc                w5500_spi_select
 .text.w5500_spi_deselect
                0x0000000008006cd4       0x18 ./Src/freertos.o
                0x0000000008006cd4                w5500_spi_deselect
 .text.w5500_spi_write_byte
                0x0000000008006cec       0x24 ./Src/freertos.o
                0x0000000008006cec                w5500_spi_write_byte
 .text.w5500_spi_read_byte
                0x0000000008006d10       0x24 ./Src/freertos.o
                0x0000000008006d10                w5500_spi_read_byte
 .text.MX_GPIO_Init
                0x0000000008006d34       0x84 ./Src/gpio.o
                0x0000000008006d34                MX_GPIO_Init
 .text.main     0x0000000008006db8       0x2a ./Src/main.o
                0x0000000008006db8                main
 *fill*         0x0000000008006de2        0x2 
 .text.SystemClock_Config
                0x0000000008006de4       0xbc ./Src/main.o
                0x0000000008006de4                SystemClock_Config
 .text.Error_Handler
                0x0000000008006ea0        0xa ./Src/main.o
                0x0000000008006ea0                Error_Handler
 *fill*         0x0000000008006eaa        0x2 
 .text.MX_SPI1_Init
                0x0000000008006eac       0x7c ./Src/spi.o
                0x0000000008006eac                MX_SPI1_Init
 .text.HAL_SPI_MspInit
                0x0000000008006f28       0x90 ./Src/spi.o
                0x0000000008006f28                HAL_SPI_MspInit
 .text.HAL_MspInit
                0x0000000008006fb8       0x58 ./Src/stm32f4xx_hal_msp.o
                0x0000000008006fb8                HAL_MspInit
 .text.NMI_Handler
                0x0000000008007010        0x6 ./Src/stm32f4xx_it.o
                0x0000000008007010                NMI_Handler
 .text.HardFault_Handler
                0x0000000008007016        0x6 ./Src/stm32f4xx_it.o
                0x0000000008007016                HardFault_Handler
 .text.MemManage_Handler
                0x000000000800701c        0x6 ./Src/stm32f4xx_it.o
                0x000000000800701c                MemManage_Handler
 .text.BusFault_Handler
                0x0000000008007022        0x6 ./Src/stm32f4xx_it.o
                0x0000000008007022                BusFault_Handler
 .text.UsageFault_Handler
                0x0000000008007028        0x6 ./Src/stm32f4xx_it.o
                0x0000000008007028                UsageFault_Handler
 .text.DebugMon_Handler
                0x000000000800702e        0xe ./Src/stm32f4xx_it.o
                0x000000000800702e                DebugMon_Handler
 .text.SysTick_Handler
                0x000000000800703c       0x1a ./Src/stm32f4xx_it.o
                0x000000000800703c                SysTick_Handler
 *fill*         0x0000000008007056        0x2 
 .text._sbrk    0x0000000008007058       0x6c ./Src/sysmem.o
                0x0000000008007058                _sbrk
 .text.SystemInit
                0x00000000080070c4       0x24 ./Src/system_stm32f4xx.o
                0x00000000080070c4                SystemInit
 .text.MX_TIM2_Init
                0x00000000080070e8       0xb0 ./Src/tim.o
                0x00000000080070e8                MX_TIM2_Init
 .text.HAL_TIM_PWM_MspInit
                0x0000000008007198       0x40 ./Src/tim.o
                0x0000000008007198                HAL_TIM_PWM_MspInit
 .text.HAL_TIM_MspPostInit
                0x00000000080071d8       0x70 ./Src/tim.o
                0x00000000080071d8                HAL_TIM_MspPostInit
 .text.MX_USART2_UART_Init
                0x0000000008007248       0x54 ./Src/usart.o
                0x0000000008007248                MX_USART2_UART_Init
 .text.HAL_UART_MspInit
                0x000000000800729c       0x90 ./Src/usart.o
                0x000000000800729c                HAL_UART_MspInit
 .text.Reset_Handler
                0x000000000800732c       0x50 ./Startup/startup_stm32f407vgtx.o
                0x000000000800732c                Reset_Handler
 .text.Default_Handler
                0x000000000800737c        0x2 ./Startup/startup_stm32f407vgtx.o
                0x000000000800737c                RTC_Alarm_IRQHandler
                0x000000000800737c                HASH_RNG_IRQHandler
                0x000000000800737c                EXTI2_IRQHandler
                0x000000000800737c                TIM8_CC_IRQHandler
                0x000000000800737c                TIM1_CC_IRQHandler
                0x000000000800737c                DMA2_Stream5_IRQHandler
                0x000000000800737c                DMA1_Stream5_IRQHandler
                0x000000000800737c                PVD_IRQHandler
                0x000000000800737c                SDIO_IRQHandler
                0x000000000800737c                TAMP_STAMP_IRQHandler
                0x000000000800737c                CAN2_RX1_IRQHandler
                0x000000000800737c                EXTI3_IRQHandler
                0x000000000800737c                TIM8_TRG_COM_TIM14_IRQHandler
                0x000000000800737c                TIM1_UP_TIM10_IRQHandler
                0x000000000800737c                TIM8_UP_TIM13_IRQHandler
                0x000000000800737c                I2C3_ER_IRQHandler
                0x000000000800737c                EXTI0_IRQHandler
                0x000000000800737c                I2C2_EV_IRQHandler
                0x000000000800737c                DMA1_Stream2_IRQHandler
                0x000000000800737c                CAN1_RX0_IRQHandler
                0x000000000800737c                FPU_IRQHandler
                0x000000000800737c                OTG_HS_WKUP_IRQHandler
                0x000000000800737c                CAN2_SCE_IRQHandler
                0x000000000800737c                DMA2_Stream2_IRQHandler
                0x000000000800737c                SPI1_IRQHandler
                0x000000000800737c                TIM6_DAC_IRQHandler
                0x000000000800737c                TIM1_BRK_TIM9_IRQHandler
                0x000000000800737c                DCMI_IRQHandler
                0x000000000800737c                CAN2_RX0_IRQHandler
                0x000000000800737c                DMA2_Stream3_IRQHandler
                0x000000000800737c                USART6_IRQHandler
                0x000000000800737c                USART3_IRQHandler
                0x000000000800737c                CAN1_RX1_IRQHandler
                0x000000000800737c                UART5_IRQHandler
                0x000000000800737c                DMA2_Stream0_IRQHandler
                0x000000000800737c                TIM4_IRQHandler
                0x000000000800737c                I2C1_EV_IRQHandler
                0x000000000800737c                DMA1_Stream6_IRQHandler
                0x000000000800737c                DMA1_Stream1_IRQHandler
                0x000000000800737c                UART4_IRQHandler
                0x000000000800737c                TIM3_IRQHandler
                0x000000000800737c                RCC_IRQHandler
                0x000000000800737c                TIM8_BRK_TIM12_IRQHandler
                0x000000000800737c                Default_Handler
                0x000000000800737c                EXTI15_10_IRQHandler
                0x000000000800737c                ADC_IRQHandler
                0x000000000800737c                DMA1_Stream7_IRQHandler
                0x000000000800737c                TIM7_IRQHandler
                0x000000000800737c                CAN2_TX_IRQHandler
                0x000000000800737c                TIM5_IRQHandler
                0x000000000800737c                DMA2_Stream7_IRQHandler
                0x000000000800737c                I2C3_EV_IRQHandler
                0x000000000800737c                EXTI9_5_IRQHandler
                0x000000000800737c                RTC_WKUP_IRQHandler
                0x000000000800737c                ETH_WKUP_IRQHandler
                0x000000000800737c                SPI2_IRQHandler
                0x000000000800737c                OTG_HS_EP1_IN_IRQHandler
                0x000000000800737c                DMA1_Stream0_IRQHandler
                0x000000000800737c                CAN1_TX_IRQHandler
                0x000000000800737c                EXTI4_IRQHandler
                0x000000000800737c                FSMC_IRQHandler
                0x000000000800737c                ETH_IRQHandler
                0x000000000800737c                OTG_HS_EP1_OUT_IRQHandler
                0x000000000800737c                WWDG_IRQHandler
                0x000000000800737c                TIM2_IRQHandler
                0x000000000800737c                OTG_FS_WKUP_IRQHandler
                0x000000000800737c                TIM1_TRG_COM_TIM11_IRQHandler
                0x000000000800737c                OTG_HS_IRQHandler
                0x000000000800737c                EXTI1_IRQHandler
                0x000000000800737c                USART2_IRQHandler
                0x000000000800737c                I2C2_ER_IRQHandler
                0x000000000800737c                DMA2_Stream1_IRQHandler
                0x000000000800737c                CAN1_SCE_IRQHandler
                0x000000000800737c                FLASH_IRQHandler
                0x000000000800737c                DMA2_Stream4_IRQHandler
                0x000000000800737c                USART1_IRQHandler
                0x000000000800737c                OTG_FS_IRQHandler
                0x000000000800737c                SPI3_IRQHandler
                0x000000000800737c                DMA1_Stream4_IRQHandler
                0x000000000800737c                I2C1_ER_IRQHandler
                0x000000000800737c                DMA2_Stream6_IRQHandler
                0x000000000800737c                DMA1_Stream3_IRQHandler
 *fill*         0x000000000800737e        0x2 
 .text.WIZCHIP_READ
                0x0000000008007380       0x98 ./W5500_Library/Ethernet/W5500/w5500.o
                0x0000000008007380                WIZCHIP_READ
 .text.WIZCHIP_WRITE
                0x0000000008007418       0x9c ./W5500_Library/Ethernet/W5500/w5500.o
                0x0000000008007418                WIZCHIP_WRITE
 .text.WIZCHIP_READ_BUF
                0x00000000080074b4       0xc0 ./W5500_Library/Ethernet/W5500/w5500.o
                0x00000000080074b4                WIZCHIP_READ_BUF
 .text.WIZCHIP_WRITE_BUF
                0x0000000008007574       0xc0 ./W5500_Library/Ethernet/W5500/w5500.o
                0x0000000008007574                WIZCHIP_WRITE_BUF
 .text.getSn_TX_FSR
                0x0000000008007634       0x96 ./W5500_Library/Ethernet/W5500/w5500.o
                0x0000000008007634                getSn_TX_FSR
 .text.getSn_RX_RSR
                0x00000000080076ca       0x96 ./W5500_Library/Ethernet/W5500/w5500.o
                0x00000000080076ca                getSn_RX_RSR
 .text.wiz_send_data
                0x0000000008007760       0xb8 ./W5500_Library/Ethernet/W5500/w5500.o
                0x0000000008007760                wiz_send_data
 .text.wiz_recv_data
                0x0000000008007818       0xb8 ./W5500_Library/Ethernet/W5500/w5500.o
                0x0000000008007818                wiz_recv_data
 .text.socket   0x00000000080078d0      0x268 ./W5500_Library/Ethernet/socket.o
                0x00000000080078d0                socket
 .text.close    0x0000000008007b38       0xdc ./W5500_Library/Ethernet/socket.o
                0x0000000008007b38                close
 .text.listen   0x0000000008007c14       0xb2 ./W5500_Library/Ethernet/socket.o
                0x0000000008007c14                listen
 *fill*         0x0000000008007cc6        0x2 
 .text.disconnect
                0x0000000008007cc8      0x104 ./W5500_Library/Ethernet/socket.o
                0x0000000008007cc8                disconnect
 .text.send     0x0000000008007dcc      0x2a8 ./W5500_Library/Ethernet/socket.o
                0x0000000008007dcc                send
 .text.recv     0x0000000008008074      0x164 ./W5500_Library/Ethernet/socket.o
                0x0000000008008074                recv
 .text.wizchip_cris_enter
                0x00000000080081d8        0xe ./W5500_Library/Ethernet/wizchip_conf.o
                0x00000000080081d8                wizchip_cris_enter
 .text.wizchip_cris_exit
                0x00000000080081e6        0xe ./W5500_Library/Ethernet/wizchip_conf.o
                0x00000000080081e6                wizchip_cris_exit
 .text.wizchip_cs_select
                0x00000000080081f4        0xe ./W5500_Library/Ethernet/wizchip_conf.o
                0x00000000080081f4                wizchip_cs_select
 .text.wizchip_cs_deselect
                0x0000000008008202        0xe ./W5500_Library/Ethernet/wizchip_conf.o
                0x0000000008008202                wizchip_cs_deselect
 .text.wizchip_bus_readdata
                0x0000000008008210       0x1a ./W5500_Library/Ethernet/wizchip_conf.o
                0x0000000008008210                wizchip_bus_readdata
 .text.wizchip_bus_writedata
                0x000000000800822a       0x1e ./W5500_Library/Ethernet/wizchip_conf.o
                0x000000000800822a                wizchip_bus_writedata
 .text.wizchip_spi_readbyte
                0x0000000008008248       0x10 ./W5500_Library/Ethernet/wizchip_conf.o
                0x0000000008008248                wizchip_spi_readbyte
 .text.wizchip_spi_writebyte
                0x0000000008008258       0x16 ./W5500_Library/Ethernet/wizchip_conf.o
                0x0000000008008258                wizchip_spi_writebyte
 *fill*         0x000000000800826e        0x2 
 .text.reg_wizchip_cs_cbfunc
                0x0000000008008270       0x4c ./W5500_Library/Ethernet/wizchip_conf.o
                0x0000000008008270                reg_wizchip_cs_cbfunc
 .text.reg_wizchip_spi_cbfunc
                0x00000000080082bc       0x58 ./W5500_Library/Ethernet/wizchip_conf.o
                0x00000000080082bc                reg_wizchip_spi_cbfunc
 .text.wizchip_sw_reset
                0x0000000008008314       0x98 ./W5500_Library/Ethernet/wizchip_conf.o
                0x0000000008008314                wizchip_sw_reset
 .text.wizchip_init
                0x00000000080083ac      0x118 ./W5500_Library/Ethernet/wizchip_conf.o
                0x00000000080083ac                wizchip_init
 .text.wizchip_setnetinfo
                0x00000000080084c4       0x80 ./W5500_Library/Ethernet/wizchip_conf.o
                0x00000000080084c4                wizchip_setnetinfo
 .text.atoi     0x0000000008008544        0x8 C:/ST/STM32CubeIDE_1.14.1/STM32CubeIDE/plugins/com.st.stm32cube.ide.mcu.externaltools.gnu-tools-for-stm32.11.3.rel1.win32_1.1.100.202309141235/tools/bin/../lib/gcc/arm-none-eabi/11.3.1/../../../../arm-none-eabi/lib/thumb/v7e-m+fp/hard\libc_nano.a(libc_a-atoi.o)
                0x0000000008008544                atoi
 .text._strtol_l.constprop.0
                0x000000000800854c      0x104 C:/ST/STM32CubeIDE_1.14.1/STM32CubeIDE/plugins/com.st.stm32cube.ide.mcu.externaltools.gnu-tools-for-stm32.11.3.rel1.win32_1.1.100.202309141235/tools/bin/../lib/gcc/arm-none-eabi/11.3.1/../../../../arm-none-eabi/lib/thumb/v7e-m+fp/hard\libc_nano.a(libc_a-strtol.o)
 .text.strtol   0x0000000008008650       0x14 C:/ST/STM32CubeIDE_1.14.1/STM32CubeIDE/plugins/com.st.stm32cube.ide.mcu.externaltools.gnu-tools-for-stm32.11.3.rel1.win32_1.1.100.202309141235/tools/bin/../lib/gcc/arm-none-eabi/11.3.1/../../../../arm-none-eabi/lib/thumb/v7e-m+fp/hard\libc_nano.a(libc_a-strtol.o)
                0x0000000008008650                strtol
 .text.sprintf  0x0000000008008664       0x40 C:/ST/STM32CubeIDE_1.14.1/STM32CubeIDE/plugins/com.st.stm32cube.ide.mcu.externaltools.gnu-tools-for-stm32.11.3.rel1.win32_1.1.100.202309141235/tools/bin/../lib/gcc/arm-none-eabi/11.3.1/../../../../arm-none-eabi/lib/thumb/v7e-m+fp/hard\libc_nano.a(libc_a-sprintf.o)
                0x0000000008008664                siprintf
                0x0000000008008664                sprintf
 .text.memset   0x00000000080086a4       0x10 C:/ST/STM32CubeIDE_1.14.1/STM32CubeIDE/plugins/com.st.stm32cube.ide.mcu.externaltools.gnu-tools-for-stm32.11.3.rel1.win32_1.1.100.202309141235/tools/bin/../lib/gcc/arm-none-eabi/11.3.1/../../../../arm-none-eabi/lib/thumb/v7e-m+fp/hard\libc_nano.a(libc_a-memset.o)
                0x00000000080086a4                memset
 .text.__errno  0x00000000080086b4        0xc C:/ST/STM32CubeIDE_1.14.1/STM32CubeIDE/plugins/com.st.stm32cube.ide.mcu.externaltools.gnu-tools-for-stm32.11.3.rel1.win32_1.1.100.202309141235/tools/bin/../lib/gcc/arm-none-eabi/11.3.1/../../../../arm-none-eabi/lib/thumb/v7e-m+fp/hard\libc_nano.a(libc_a-errno.o)
                0x00000000080086b4                __errno
 .text.__libc_init_array
                0x00000000080086c0       0x48 C:/ST/STM32CubeIDE_1.14.1/STM32CubeIDE/plugins/com.st.stm32cube.ide.mcu.externaltools.gnu-tools-for-stm32.11.3.rel1.win32_1.1.100.202309141235/tools/bin/../lib/gcc/arm-none-eabi/11.3.1/../../../../arm-none-eabi/lib/thumb/v7e-m+fp/hard\libc_nano.a(libc_a-init.o)
                0x00000000080086c0                __libc_init_array
 .text.__retarget_lock_acquire_recursive
                0x0000000008008708        0x2 C:/ST/STM32CubeIDE_1.14.1/STM32CubeIDE/plugins/com.st.stm32cube.ide.mcu.externaltools.gnu-tools-for-stm32.11.3.rel1.win32_1.1.100.202309141235/tools/bin/../lib/gcc/arm-none-eabi/11.3.1/../../../../arm-none-eabi/lib/thumb/v7e-m+fp/hard\libc_nano.a(libc_a-lock.o)
                0x0000000008008708                __retarget_lock_acquire_recursive
 .text.__retarget_lock_release_recursive
                0x000000000800870a        0x2 C:/ST/STM32CubeIDE_1.14.1/STM32CubeIDE/plugins/com.st.stm32cube.ide.mcu.externaltools.gnu-tools-for-stm32.11.3.rel1.win32_1.1.100.202309141235/tools/bin/../lib/gcc/arm-none-eabi/11.3.1/../../../../arm-none-eabi/lib/thumb/v7e-m+fp/hard\libc_nano.a(libc_a-lock.o)
                0x000000000800870a                __retarget_lock_release_recursive
 .text.memcpy   0x000000000800870c       0x1c C:/ST/STM32CubeIDE_1.14.1/STM32CubeIDE/plugins/com.st.stm32cube.ide.mcu.externaltools.gnu-tools-for-stm32.11.3.rel1.win32_1.1.100.202309141235/tools/bin/../lib/gcc/arm-none-eabi/11.3.1/../../../../arm-none-eabi/lib/thumb/v7e-m+fp/hard\libc_nano.a(libc_a-memcpy-stub.o)
                0x000000000800870c                memcpy
 .text._free_r  0x0000000008008728       0x98 C:/ST/STM32CubeIDE_1.14.1/STM32CubeIDE/plugins/com.st.stm32cube.ide.mcu.externaltools.gnu-tools-for-stm32.11.3.rel1.win32_1.1.100.202309141235/tools/bin/../lib/gcc/arm-none-eabi/11.3.1/../../../../arm-none-eabi/lib/thumb/v7e-m+fp/hard\libc_nano.a(libc_a-freer.o)
                0x0000000008008728                _free_r
 .text.sbrk_aligned
                0x00000000080087c0       0x40 C:/ST/STM32CubeIDE_1.14.1/STM32CubeIDE/plugins/com.st.stm32cube.ide.mcu.externaltools.gnu-tools-for-stm32.11.3.rel1.win32_1.1.100.202309141235/tools/bin/../lib/gcc/arm-none-eabi/11.3.1/../../../../arm-none-eabi/lib/thumb/v7e-m+fp/hard\libc_nano.a(libc_a-mallocr.o)
 .text._malloc_r
                0x0000000008008800      0x100 C:/ST/STM32CubeIDE_1.14.1/STM32CubeIDE/plugins/com.st.stm32cube.ide.mcu.externaltools.gnu-tools-for-stm32.11.3.rel1.win32_1.1.100.202309141235/tools/bin/../lib/gcc/arm-none-eabi/11.3.1/../../../../arm-none-eabi/lib/thumb/v7e-m+fp/hard\libc_nano.a(libc_a-mallocr.o)
                0x0000000008008800                _malloc_r
 .text.__malloc_lock
                0x0000000008008900        0xc C:/ST/STM32CubeIDE_1.14.1/STM32CubeIDE/plugins/com.st.stm32cube.ide.mcu.externaltools.gnu-tools-for-stm32.11.3.rel1.win32_1.1.100.202309141235/tools/bin/../lib/gcc/arm-none-eabi/11.3.1/../../../../arm-none-eabi/lib/thumb/v7e-m+fp/hard\libc_nano.a(libc_a-mlock.o)
                0x0000000008008900                __malloc_lock
 .text.__malloc_unlock
                0x000000000800890c        0xc C:/ST/STM32CubeIDE_1.14.1/STM32CubeIDE/plugins/com.st.stm32cube.ide.mcu.externaltools.gnu-tools-for-stm32.11.3.rel1.win32_1.1.100.202309141235/tools/bin/../lib/gcc/arm-none-eabi/11.3.1/../../../../arm-none-eabi/lib/thumb/v7e-m+fp/hard\libc_nano.a(libc_a-mlock.o)
                0x000000000800890c                __malloc_unlock
 .text.__ssputs_r
                0x0000000008008918       0xb4 C:/ST/STM32CubeIDE_1.14.1/STM32CubeIDE/plugins/com.st.stm32cube.ide.mcu.externaltools.gnu-tools-for-stm32.11.3.rel1.win32_1.1.100.202309141235/tools/bin/../lib/gcc/arm-none-eabi/11.3.1/../../../../arm-none-eabi/lib/thumb/v7e-m+fp/hard\libc_nano.a(libc_a-nano-svfprintf.o)
                0x0000000008008918                __ssputs_r
 .text._svfprintf_r
                0x00000000080089cc      0x1fc C:/ST/STM32CubeIDE_1.14.1/STM32CubeIDE/plugins/com.st.stm32cube.ide.mcu.externaltools.gnu-tools-for-stm32.11.3.rel1.win32_1.1.100.202309141235/tools/bin/../lib/gcc/arm-none-eabi/11.3.1/../../../../arm-none-eabi/lib/thumb/v7e-m+fp/hard\libc_nano.a(libc_a-nano-svfprintf.o)
                0x00000000080089cc                _svfiprintf_r
                0x00000000080089cc                _svfprintf_r
 .text._printf_common
                0x0000000008008bc8       0xda C:/ST/STM32CubeIDE_1.14.1/STM32CubeIDE/plugins/com.st.stm32cube.ide.mcu.externaltools.gnu-tools-for-stm32.11.3.rel1.win32_1.1.100.202309141235/tools/bin/../lib/gcc/arm-none-eabi/11.3.1/../../../../arm-none-eabi/lib/thumb/v7e-m+fp/hard\libc_nano.a(libc_a-nano-vfprintf_i.o)
                0x0000000008008bc8                _printf_common
 *fill*         0x0000000008008ca2        0x2 
 .text._printf_i
                0x0000000008008ca4      0x244 C:/ST/STM32CubeIDE_1.14.1/STM32CubeIDE/plugins/com.st.stm32cube.ide.mcu.externaltools.gnu-tools-for-stm32.11.3.rel1.win32_1.1.100.202309141235/tools/bin/../lib/gcc/arm-none-eabi/11.3.1/../../../../arm-none-eabi/lib/thumb/v7e-m+fp/hard\libc_nano.a(libc_a-nano-vfprintf_i.o)
                0x0000000008008ca4                _printf_i
 .text.memmove  0x0000000008008ee8       0x34 C:/ST/STM32CubeIDE_1.14.1/STM32CubeIDE/plugins/com.st.stm32cube.ide.mcu.externaltools.gnu-tools-for-stm32.11.3.rel1.win32_1.1.100.202309141235/tools/bin/../lib/gcc/arm-none-eabi/11.3.1/../../../../arm-none-eabi/lib/thumb/v7e-m+fp/hard\libc_nano.a(libc_a-memmove.o)
                0x0000000008008ee8                memmove
 .text._sbrk_r  0x0000000008008f1c       0x20 C:/ST/STM32CubeIDE_1.14.1/STM32CubeIDE/plugins/com.st.stm32cube.ide.mcu.externaltools.gnu-tools-for-stm32.11.3.rel1.win32_1.1.100.202309141235/tools/bin/../lib/gcc/arm-none-eabi/11.3.1/../../../../arm-none-eabi/lib/thumb/v7e-m+fp/hard\libc_nano.a(libc_a-sbrkr.o)
                0x0000000008008f1c                _sbrk_r
 .text._realloc_r
                0x0000000008008f3c       0x5e C:/ST/STM32CubeIDE_1.14.1/STM32CubeIDE/plugins/com.st.stm32cube.ide.mcu.externaltools.gnu-tools-for-stm32.11.3.rel1.win32_1.1.100.202309141235/tools/bin/../lib/gcc/arm-none-eabi/11.3.1/../../../../arm-none-eabi/lib/thumb/v7e-m+fp/hard\libc_nano.a(libc_a-reallocr.o)
                0x0000000008008f3c                _realloc_r
 .text._malloc_usable_size_r
                0x0000000008008f9a       0x10 C:/ST/STM32CubeIDE_1.14.1/STM32CubeIDE/plugins/com.st.stm32cube.ide.mcu.externaltools.gnu-tools-for-stm32.11.3.rel1.win32_1.1.100.202309141235/tools/bin/../lib/gcc/arm-none-eabi/11.3.1/../../../../arm-none-eabi/lib/thumb/v7e-m+fp/hard\libc_nano.a(libc_a-msizer.o)
                0x0000000008008f9a                _malloc_usable_size_r
 *(.glue_7)
 .glue_7        0x0000000008008faa        0x0 linker stubs
 *(.glue_7t)
 .glue_7t       0x0000000008008faa        0x0 linker stubs
 *(.eh_frame)
 *fill*         0x0000000008008faa        0x2 
 .eh_frame      0x0000000008008fac        0x0 C:/ST/STM32CubeIDE_1.14.1/STM32CubeIDE/plugins/com.st.stm32cube.ide.mcu.externaltools.gnu-tools-for-stm32.11.3.rel1.win32_1.1.100.202309141235/tools/bin/../lib/gcc/arm-none-eabi/11.3.1/thumb/v7e-m+fp/hard/crtbegin.o
 *(.init)
 .init          0x0000000008008fac        0x4 C:/ST/STM32CubeIDE_1.14.1/STM32CubeIDE/plugins/com.st.stm32cube.ide.mcu.externaltools.gnu-tools-for-stm32.11.3.rel1.win32_1.1.100.202309141235/tools/bin/../lib/gcc/arm-none-eabi/11.3.1/thumb/v7e-m+fp/hard/crti.o
                0x0000000008008fac                _init
 .init          0x0000000008008fb0        0x8 C:/ST/STM32CubeIDE_1.14.1/STM32CubeIDE/plugins/com.st.stm32cube.ide.mcu.externaltools.gnu-tools-for-stm32.11.3.rel1.win32_1.1.100.202309141235/tools/bin/../lib/gcc/arm-none-eabi/11.3.1/thumb/v7e-m+fp/hard/crtn.o
 *(.fini)
 .fini          0x0000000008008fb8        0x4 C:/ST/STM32CubeIDE_1.14.1/STM32CubeIDE/plugins/com.st.stm32cube.ide.mcu.externaltools.gnu-tools-for-stm32.11.3.rel1.win32_1.1.100.202309141235/tools/bin/../lib/gcc/arm-none-eabi/11.3.1/thumb/v7e-m+fp/hard/crti.o
                0x0000000008008fb8                _fini
 .fini          0x0000000008008fbc        0x8 C:/ST/STM32CubeIDE_1.14.1/STM32CubeIDE/plugins/com.st.stm32cube.ide.mcu.externaltools.gnu-tools-for-stm32.11.3.rel1.win32_1.1.100.202309141235/tools/bin/../lib/gcc/arm-none-eabi/11.3.1/thumb/v7e-m+fp/hard/crtn.o
                0x0000000008008fc4                . = ALIGN (0x4)
                0x0000000008008fc4                _etext = .

.vfp11_veneer   0x0000000008008fc4        0x0
 .vfp11_veneer  0x0000000008008fc4        0x0 linker stubs

.v4_bx          0x0000000008008fc4        0x0
 .v4_bx         0x0000000008008fc4        0x0 linker stubs

.iplt           0x0000000008008fc4        0x0
 .iplt          0x0000000008008fc4        0x0 C:/ST/STM32CubeIDE_1.14.1/STM32CubeIDE/plugins/com.st.stm32cube.ide.mcu.externaltools.gnu-tools-for-stm32.11.3.rel1.win32_1.1.100.202309141235/tools/bin/../lib/gcc/arm-none-eabi/11.3.1/thumb/v7e-m+fp/hard/crtbegin.o

.rodata         0x0000000008008fc4      0x24c
                0x0000000008008fc4                . = ALIGN (0x4)
 *(.rodata)
 .rodata        0x0000000008008fc4        0x5 ./Middlewares/Third_Party/FreeRTOS/Source/tasks.o
 *fill*         0x0000000008008fc9        0x3 
 .rodata        0x0000000008008fcc       0xf8 ./Src/freertos.o
 *(.rodata*)
 .rodata.AHBPrescTable
                0x00000000080090c4       0x10 ./Src/system_stm32f4xx.o
                0x00000000080090c4                AHBPrescTable
 .rodata.APBPrescTable
                0x00000000080090d4        0x8 ./Src/system_stm32f4xx.o
                0x00000000080090d4                APBPrescTable
 .rodata._ctype_
                0x00000000080090dc      0x101 C:/ST/STM32CubeIDE_1.14.1/STM32CubeIDE/plugins/com.st.stm32cube.ide.mcu.externaltools.gnu-tools-for-stm32.11.3.rel1.win32_1.1.100.202309141235/tools/bin/../lib/gcc/arm-none-eabi/11.3.1/../../../../arm-none-eabi/lib/thumb/v7e-m+fp/hard\libc_nano.a(libc_a-ctype_.o)
                0x00000000080090dc                _ctype_
 .rodata._svfprintf_r.str1.1
                0x00000000080091dd       0x11 C:/ST/STM32CubeIDE_1.14.1/STM32CubeIDE/plugins/com.st.stm32cube.ide.mcu.externaltools.gnu-tools-for-stm32.11.3.rel1.win32_1.1.100.202309141235/tools/bin/../lib/gcc/arm-none-eabi/11.3.1/../../../../arm-none-eabi/lib/thumb/v7e-m+fp/hard\libc_nano.a(libc_a-nano-svfprintf.o)
 .rodata._printf_i.str1.1
                0x00000000080091ee       0x22 C:/ST/STM32CubeIDE_1.14.1/STM32CubeIDE/plugins/com.st.stm32cube.ide.mcu.externaltools.gnu-tools-for-stm32.11.3.rel1.win32_1.1.100.202309141235/tools/bin/../lib/gcc/arm-none-eabi/11.3.1/../../../../arm-none-eabi/lib/thumb/v7e-m+fp/hard\libc_nano.a(libc_a-nano-vfprintf_i.o)
                0x0000000008009210                . = ALIGN (0x4)

.ARM.extab      0x0000000008009210        0x0
                0x0000000008009210                . = ALIGN (0x4)
 *(.ARM.extab* .gnu.linkonce.armextab.*)
                0x0000000008009210                . = ALIGN (0x4)

.ARM            0x0000000008009210        0x8
                0x0000000008009210                . = ALIGN (0x4)
                0x0000000008009210                __exidx_start = .
 *(.ARM.exidx*)
 .ARM.exidx     0x0000000008009210        0x8 C:/ST/STM32CubeIDE_1.14.1/STM32CubeIDE/plugins/com.st.stm32cube.ide.mcu.externaltools.gnu-tools-for-stm32.11.3.rel1.win32_1.1.100.202309141235/tools/bin/../lib/gcc/arm-none-eabi/11.3.1/thumb/v7e-m+fp/hard\libgcc.a(_udivmoddi4.o)
                0x0000000008009218                __exidx_end = .
                0x0000000008009218                . = ALIGN (0x4)

.preinit_array  0x0000000008009218        0x0
                0x0000000008009218                . = ALIGN (0x4)
                0x0000000008009218                PROVIDE (__preinit_array_start = .)
 *(.preinit_array*)
                0x0000000008009218                PROVIDE (__preinit_array_end = .)
                0x0000000008009218                . = ALIGN (0x4)

.init_array     0x0000000008009218        0x4
                0x0000000008009218                . = ALIGN (0x4)
                0x0000000008009218                PROVIDE (__init_array_start = .)
 *(SORT_BY_NAME(.init_array.*))
 *(.init_array*)
 .init_array    0x0000000008009218        0x4 C:/ST/STM32CubeIDE_1.14.1/STM32CubeIDE/plugins/com.st.stm32cube.ide.mcu.externaltools.gnu-tools-for-stm32.11.3.rel1.win32_1.1.100.202309141235/tools/bin/../lib/gcc/arm-none-eabi/11.3.1/thumb/v7e-m+fp/hard/crtbegin.o
                0x000000000800921c                PROVIDE (__init_array_end = .)
                0x000000000800921c                . = ALIGN (0x4)

.fini_array     0x000000000800921c        0x4
                0x000000000800921c                . = ALIGN (0x4)
                [!provide]                        PROVIDE (__fini_array_start = .)
 *(SORT_BY_NAME(.fini_array.*))
 *(.fini_array*)
 .fini_array    0x000000000800921c        0x4 C:/ST/STM32CubeIDE_1.14.1/STM32CubeIDE/plugins/com.st.stm32cube.ide.mcu.externaltools.gnu-tools-for-stm32.11.3.rel1.win32_1.1.100.202309141235/tools/bin/../lib/gcc/arm-none-eabi/11.3.1/thumb/v7e-m+fp/hard/crtbegin.o
                [!provide]                        PROVIDE (__fini_array_end = .)
                0x0000000008009220                . = ALIGN (0x4)
                0x0000000008009220                _sidata = LOADADDR (.data)

.rel.dyn        0x0000000008009220        0x0
 .rel.iplt      0x0000000008009220        0x0 C:/ST/STM32CubeIDE_1.14.1/STM32CubeIDE/plugins/com.st.stm32cube.ide.mcu.externaltools.gnu-tools-for-stm32.11.3.rel1.win32_1.1.100.202309141235/tools/bin/../lib/gcc/arm-none-eabi/11.3.1/thumb/v7e-m+fp/hard/crtbegin.o

.data           0x0000000020000000       0x94 load address 0x0000000008009220
                0x0000000020000000                . = ALIGN (0x4)
                0x0000000020000000                _sdata = .
 *(.data)
 *(.data*)
 .data.uwTickPrio
                0x0000000020000000        0x4 ./Drivers/STM32F4xx_HAL_Driver/Src/stm32f4xx_hal.o
                0x0000000020000000                uwTickPrio
 .data.uwTickFreq
                0x0000000020000004        0x1 ./Drivers/STM32F4xx_HAL_Driver/Src/stm32f4xx_hal.o
                0x0000000020000004                uwTickFreq
 *fill*         0x0000000020000005        0x3 
 .data.uxCriticalNesting
                0x0000000020000008        0x4 ./Middlewares/Third_Party/FreeRTOS/Source/portable/GCC/ARM_CM4F/port.o
 .data.g_ActiveSocket
                0x000000002000000c        0x1 ./Src/freertos.o
                0x000000002000000c                g_ActiveSocket
 *fill*         0x000000002000000d        0x3 
 .data.SystemCoreClock
                0x0000000020000010        0x4 ./Src/system_stm32f4xx.o
                0x0000000020000010                SystemCoreClock
 .data.sock_any_port
                0x0000000020000014        0x2 ./W5500_Library/Ethernet/socket.o
 *fill*         0x0000000020000016        0x2 
 .data.WIZCHIP  0x0000000020000018       0x2c ./W5500_Library/Ethernet/wizchip_conf.o
                0x0000000020000018                WIZCHIP
 .data._impure_data
                0x0000000020000044       0x4c C:/ST/STM32CubeIDE_1.14.1/STM32CubeIDE/plugins/com.st.stm32cube.ide.mcu.externaltools.gnu-tools-for-stm32.11.3.rel1.win32_1.1.100.202309141235/tools/bin/../lib/gcc/arm-none-eabi/11.3.1/../../../../arm-none-eabi/lib/thumb/v7e-m+fp/hard\libc_nano.a(libc_a-impure.o)
                0x0000000020000044                _impure_data
 .data._impure_ptr
                0x0000000020000090        0x4 C:/ST/STM32CubeIDE_1.14.1/STM32CubeIDE/plugins/com.st.stm32cube.ide.mcu.externaltools.gnu-tools-for-stm32.11.3.rel1.win32_1.1.100.202309141235/tools/bin/../lib/gcc/arm-none-eabi/11.3.1/../../../../arm-none-eabi/lib/thumb/v7e-m+fp/hard\libc_nano.a(libc_a-impure.o)
                0x0000000020000090                _impure_ptr
 *(.RamFunc)
 *(.RamFunc*)
                0x0000000020000094                . = ALIGN (0x4)
                0x0000000020000094                _edata = .
                0x00000000080092b4                _siccmram = LOADADDR (.ccmram)

.igot.plt       0x0000000020000094        0x0 load address 0x00000000080092b4
 .igot.plt      0x0000000020000094        0x0 C:/ST/STM32CubeIDE_1.14.1/STM32CubeIDE/plugins/com.st.stm32cube.ide.mcu.externaltools.gnu-tools-for-stm32.11.3.rel1.win32_1.1.100.202309141235/tools/bin/../lib/gcc/arm-none-eabi/11.3.1/thumb/v7e-m+fp/hard/crtbegin.o

.ccmram         0x0000000010000000        0x0 load address 0x00000000080092b4
                0x0000000010000000                . = ALIGN (0x4)
                0x0000000010000000                _sccmram = .
 *(.ccmram)
 *(.ccmram*)
                0x0000000010000000                . = ALIGN (0x4)
                0x0000000010000000                _eccmram = .
                0x0000000010000000                . = ALIGN (0x4)

.bss            0x0000000020000094     0x4288
                0x0000000020000094                _sbss = .
                0x0000000020000094                __bss_start__ = _sbss
 *(.bss)
 .bss           0x0000000020000094       0x1c C:/ST/STM32CubeIDE_1.14.1/STM32CubeIDE/plugins/com.st.stm32cube.ide.mcu.externaltools.gnu-tools-for-stm32.11.3.rel1.win32_1.1.100.202309141235/tools/bin/../lib/gcc/arm-none-eabi/11.3.1/thumb/v7e-m+fp/hard/crtbegin.o
 *(.bss*)
 .bss.uwTick    0x00000000200000b0        0x4 ./Drivers/STM32F4xx_HAL_Driver/Src/stm32f4xx_hal.o
                0x00000000200000b0                uwTick
 .bss.pxCurrentTCB
                0x00000000200000b4        0x4 ./Middlewares/Third_Party/FreeRTOS/Source/tasks.o
                0x00000000200000b4                pxCurrentTCB
 .bss.pxReadyTasksLists
                0x00000000200000b8       0x8c ./Middlewares/Third_Party/FreeRTOS/Source/tasks.o
 .bss.xDelayedTaskList1
                0x0000000020000144       0x14 ./Middlewares/Third_Party/FreeRTOS/Source/tasks.o
 .bss.xDelayedTaskList2
                0x0000000020000158       0x14 ./Middlewares/Third_Party/FreeRTOS/Source/tasks.o
 .bss.pxDelayedTaskList
                0x000000002000016c        0x4 ./Middlewares/Third_Party/FreeRTOS/Source/tasks.o
 .bss.pxOverflowDelayedTaskList
                0x0000000020000170        0x4 ./Middlewares/Third_Party/FreeRTOS/Source/tasks.o
 .bss.xPendingReadyList
                0x0000000020000174       0x14 ./Middlewares/Third_Party/FreeRTOS/Source/tasks.o
 .bss.xTasksWaitingTermination
                0x0000000020000188       0x14 ./Middlewares/Third_Party/FreeRTOS/Source/tasks.o
 .bss.uxDeletedTasksWaitingCleanUp
                0x000000002000019c        0x4 ./Middlewares/Third_Party/FreeRTOS/Source/tasks.o
 .bss.xSuspendedTaskList
                0x00000000200001a0       0x14 ./Middlewares/Third_Party/FreeRTOS/Source/tasks.o
 .bss.uxCurrentNumberOfTasks
                0x00000000200001b4        0x4 ./Middlewares/Third_Party/FreeRTOS/Source/tasks.o
 .bss.xTickCount
                0x00000000200001b8        0x4 ./Middlewares/Third_Party/FreeRTOS/Source/tasks.o
 .bss.uxTopReadyPriority
                0x00000000200001bc        0x4 ./Middlewares/Third_Party/FreeRTOS/Source/tasks.o
 .bss.xSchedulerRunning
                0x00000000200001c0        0x4 ./Middlewares/Third_Party/FreeRTOS/Source/tasks.o
 .bss.xPendedTicks
                0x00000000200001c4        0x4 ./Middlewares/Third_Party/FreeRTOS/Source/tasks.o
 .bss.xYieldPending
                0x00000000200001c8        0x4 ./Middlewares/Third_Party/FreeRTOS/Source/tasks.o
 .bss.xNumOfOverflows
                0x00000000200001cc        0x4 ./Middlewares/Third_Party/FreeRTOS/Source/tasks.o
 .bss.uxTaskNumber
                0x00000000200001d0        0x4 ./Middlewares/Third_Party/FreeRTOS/Source/tasks.o
 .bss.xNextTaskUnblockTime
                0x00000000200001d4        0x4 ./Middlewares/Third_Party/FreeRTOS/Source/tasks.o
 .bss.xIdleTaskHandle
                0x00000000200001d8        0x4 ./Middlewares/Third_Party/FreeRTOS/Source/tasks.o
 .bss.uxSchedulerSuspended
                0x00000000200001dc        0x4 ./Middlewares/Third_Party/FreeRTOS/Source/tasks.o
 .bss.ucMaxSysCallPriority
                0x00000000200001e0        0x1 ./Middlewares/Third_Party/FreeRTOS/Source/portable/GCC/ARM_CM4F/port.o
 *fill*         0x00000000200001e1        0x3 
 .bss.ulMaxPRIGROUPValue
                0x00000000200001e4        0x4 ./Middlewares/Third_Party/FreeRTOS/Source/portable/GCC/ARM_CM4F/port.o
 .bss.ucHeap    0x00000000200001e8     0x3c00 ./Middlewares/Third_Party/FreeRTOS/Source/portable/MemMang/heap_4.o
 .bss.xStart    0x0000000020003de8        0x8 ./Middlewares/Third_Party/FreeRTOS/Source/portable/MemMang/heap_4.o
 .bss.pxEnd     0x0000000020003df0        0x4 ./Middlewares/Third_Party/FreeRTOS/Source/portable/MemMang/heap_4.o
 .bss.xFreeBytesRemaining
                0x0000000020003df4        0x4 ./Middlewares/Third_Party/FreeRTOS/Source/portable/MemMang/heap_4.o
 .bss.xMinimumEverFreeBytesRemaining
                0x0000000020003df8        0x4 ./Middlewares/Third_Party/FreeRTOS/Source/portable/MemMang/heap_4.o
 .bss.xNumberOfSuccessfulAllocations
                0x0000000020003dfc        0x4 ./Middlewares/Third_Party/FreeRTOS/Source/portable/MemMang/heap_4.o
 .bss.xNumberOfSuccessfulFrees
                0x0000000020003e00        0x4 ./Middlewares/Third_Party/FreeRTOS/Source/portable/MemMang/heap_4.o
 .bss.xBlockAllocatedBit
                0x0000000020003e04        0x4 ./Middlewares/Third_Party/FreeRTOS/Source/portable/MemMang/heap_4.o
 .bss.hadc1     0x0000000020003e08       0x48 ./Src/adc.o
                0x0000000020003e08                hadc1
 .bss.dutyCycleQueueHandle
                0x0000000020003e50        0x4 ./Src/freertos.o
                0x0000000020003e50                dutyCycleQueueHandle
 .bss.adcValueQueueHandle
                0x0000000020003e54        0x4 ./Src/freertos.o
                0x0000000020003e54                adcValueQueueHandle
 .bss.socketMutexHandle
                0x0000000020003e58        0x4 ./Src/freertos.o
                0x0000000020003e58                socketMutexHandle
 .bss.adcTaskHandle
                0x0000000020003e5c        0x4 ./Src/freertos.o
                0x0000000020003e5c                adcTaskHandle
 .bss.pwmTaskHandle
                0x0000000020003e60        0x4 ./Src/freertos.o
                0x0000000020003e60                pwmTaskHandle
 .bss.rxW5500TaskHandle
                0x0000000020003e64        0x4 ./Src/freertos.o
                0x0000000020003e64                rxW5500TaskHandle
 .bss.txW5500TaskHandle
                0x0000000020003e68        0x4 ./Src/freertos.o
                0x0000000020003e68                txW5500TaskHandle
 .bss.defaultTaskHandle
                0x0000000020003e6c        0x4 ./Src/freertos.o
                0x0000000020003e6c                defaultTaskHandle
 .bss.xIdleTaskTCBBuffer
                0x0000000020003e70       0x54 ./Src/freertos.o
 .bss.xIdleStack
                0x0000000020003ec4      0x200 ./Src/freertos.o
 .bss.hspi1     0x00000000200040c4       0x58 ./Src/spi.o
                0x00000000200040c4                hspi1
 .bss.__sbrk_heap_end
                0x000000002000411c        0x4 ./Src/sysmem.o
 .bss.htim2     0x0000000020004120       0x48 ./Src/tim.o
                0x0000000020004120                htim2
 .bss.huart2    0x0000000020004168       0x48 ./Src/usart.o
                0x0000000020004168                huart2
 .bss.sock_io_mode
                0x00000000200041b0        0x2 ./W5500_Library/Ethernet/socket.o
 .bss.sock_is_sending
                0x00000000200041b2        0x2 ./W5500_Library/Ethernet/socket.o
 .bss.sock_remained_size
                0x00000000200041b4       0x10 ./W5500_Library/Ethernet/socket.o
 .bss.sock_pack_info
                0x00000000200041c4        0x8 ./W5500_Library/Ethernet/socket.o
                0x00000000200041c4                sock_pack_info
 .bss._DNS_     0x00000000200041cc        0x4 ./W5500_Library/Ethernet/wizchip_conf.o
 .bss._DHCP_    0x00000000200041d0        0x1 ./W5500_Library/Ethernet/wizchip_conf.o
 *fill*         0x00000000200041d1        0x3 
 .bss.__sf      0x00000000200041d4      0x138 C:/ST/STM32CubeIDE_1.14.1/STM32CubeIDE/plugins/com.st.stm32cube.ide.mcu.externaltools.gnu-tools-for-stm32.11.3.rel1.win32_1.1.100.202309141235/tools/bin/../lib/gcc/arm-none-eabi/11.3.1/../../../../arm-none-eabi/lib/thumb/v7e-m+fp/hard\libc_nano.a(libc_a-findfp.o)
                0x00000000200041d4                __sf
 .bss.errno     0x000000002000430c        0x4 C:/ST/STM32CubeIDE_1.14.1/STM32CubeIDE/plugins/com.st.stm32cube.ide.mcu.externaltools.gnu-tools-for-stm32.11.3.rel1.win32_1.1.100.202309141235/tools/bin/../lib/gcc/arm-none-eabi/11.3.1/../../../../arm-none-eabi/lib/thumb/v7e-m+fp/hard\libc_nano.a(libc_a-reent.o)
                0x000000002000430c                errno
 .bss.__lock___malloc_recursive_mutex
                0x0000000020004310        0x1 C:/ST/STM32CubeIDE_1.14.1/STM32CubeIDE/plugins/com.st.stm32cube.ide.mcu.externaltools.gnu-tools-for-stm32.11.3.rel1.win32_1.1.100.202309141235/tools/bin/../lib/gcc/arm-none-eabi/11.3.1/../../../../arm-none-eabi/lib/thumb/v7e-m+fp/hard\libc_nano.a(libc_a-lock.o)
                0x0000000020004310                __lock___malloc_recursive_mutex
 *fill*         0x0000000020004311        0x3 
 .bss.__malloc_free_list
                0x0000000020004314        0x4 C:/ST/STM32CubeIDE_1.14.1/STM32CubeIDE/plugins/com.st.stm32cube.ide.mcu.externaltools.gnu-tools-for-stm32.11.3.rel1.win32_1.1.100.202309141235/tools/bin/../lib/gcc/arm-none-eabi/11.3.1/../../../../arm-none-eabi/lib/thumb/v7e-m+fp/hard\libc_nano.a(libc_a-mallocr.o)
                0x0000000020004314                __malloc_free_list
 .bss.__malloc_sbrk_start
                0x0000000020004318        0x4 C:/ST/STM32CubeIDE_1.14.1/STM32CubeIDE/plugins/com.st.stm32cube.ide.mcu.externaltools.gnu-tools-for-stm32.11.3.rel1.win32_1.1.100.202309141235/tools/bin/../lib/gcc/arm-none-eabi/11.3.1/../../../../arm-none-eabi/lib/thumb/v7e-m+fp/hard\libc_nano.a(libc_a-mallocr.o)
                0x0000000020004318                __malloc_sbrk_start
 *(COMMON)
                0x000000002000431c                . = ALIGN (0x4)
                0x000000002000431c                _ebss = .
                0x000000002000431c                __bss_end__ = _ebss

._user_heap_stack
                0x000000002000431c      0x604
                0x0000000020004320                . = ALIGN (0x8)
 *fill*         0x000000002000431c        0x4 
                [!provide]                        PROVIDE (end = .)
                0x0000000020004320                PROVIDE (_end = .)
                0x0000000020004520                . = (. + _Min_Heap_Size)
 *fill*         0x0000000020004320      0x200 
                0x0000000020004920                . = (. + _Min_Stack_Size)
 *fill*         0x0000000020004520      0x400 
                0x0000000020004920                . = ALIGN (0x8)

/DISCARD/
 libc.a(*)
 libm.a(*)
 libgcc.a(*)

.ARM.attributes
                0x0000000000000000       0x30
 *(.ARM.attributes)
 .ARM.attributes
                0x0000000000000000       0x1e C:/ST/STM32CubeIDE_1.14.1/STM32CubeIDE/plugins/com.st.stm32cube.ide.mcu.externaltools.gnu-tools-for-stm32.11.3.rel1.win32_1.1.100.202309141235/tools/bin/../lib/gcc/arm-none-eabi/11.3.1/thumb/v7e-m+fp/hard/crti.o
 .ARM.attributes
                0x000000000000001e       0x34 C:/ST/STM32CubeIDE_1.14.1/STM32CubeIDE/plugins/com.st.stm32cube.ide.mcu.externaltools.gnu-tools-for-stm32.11.3.rel1.win32_1.1.100.202309141235/tools/bin/../lib/gcc/arm-none-eabi/11.3.1/thumb/v7e-m+fp/hard/crtbegin.o
 .ARM.attributes
                0x0000000000000052       0x34 ./Drivers/STM32F4xx_HAL_Driver/Src/stm32f4xx_hal.o
 .ARM.attributes
                0x0000000000000086       0x34 ./Drivers/STM32F4xx_HAL_Driver/Src/stm32f4xx_hal_adc.o
 .ARM.attributes
                0x00000000000000ba       0x34 ./Drivers/STM32F4xx_HAL_Driver/Src/stm32f4xx_hal_cortex.o
 .ARM.attributes
                0x00000000000000ee       0x34 ./Drivers/STM32F4xx_HAL_Driver/Src/stm32f4xx_hal_gpio.o
 .ARM.attributes
                0x0000000000000122       0x34 ./Drivers/STM32F4xx_HAL_Driver/Src/stm32f4xx_hal_rcc.o
 .ARM.attributes
                0x0000000000000156       0x34 ./Drivers/STM32F4xx_HAL_Driver/Src/stm32f4xx_hal_spi.o
 .ARM.attributes
                0x000000000000018a       0x34 ./Drivers/STM32F4xx_HAL_Driver/Src/stm32f4xx_hal_tim.o
 .ARM.attributes
                0x00000000000001be       0x34 ./Drivers/STM32F4xx_HAL_Driver/Src/stm32f4xx_hal_tim_ex.o
 .ARM.attributes
                0x00000000000001f2       0x34 ./Drivers/STM32F4xx_HAL_Driver/Src/stm32f4xx_hal_uart.o
 .ARM.attributes
                0x0000000000000226       0x34 ./Middlewares/Third_Party/FreeRTOS/Source/CMSIS_RTOS/cmsis_os.o
 .ARM.attributes
                0x000000000000025a       0x34 ./Middlewares/Third_Party/FreeRTOS/Source/list.o
 .ARM.attributes
                0x000000000000028e       0x34 ./Middlewares/Third_Party/FreeRTOS/Source/queue.o
 .ARM.attributes
                0x00000000000002c2       0x34 ./Middlewares/Third_Party/FreeRTOS/Source/tasks.o
 .ARM.attributes
                0x00000000000002f6       0x34 ./Middlewares/Third_Party/FreeRTOS/Source/portable/GCC/ARM_CM4F/port.o
 .ARM.attributes
                0x000000000000032a       0x34 ./Middlewares/Third_Party/FreeRTOS/Source/portable/MemMang/heap_4.o
 .ARM.attributes
                0x000000000000035e       0x34 ./Src/adc.o
 .ARM.attributes
                0x0000000000000392       0x34 ./Src/freertos.o
 .ARM.attributes
                0x00000000000003c6       0x34 ./Src/gpio.o
 .ARM.attributes
                0x00000000000003fa       0x34 ./Src/main.o
 .ARM.attributes
                0x000000000000042e       0x34 ./Src/spi.o
 .ARM.attributes
                0x0000000000000462       0x34 ./Src/stm32f4xx_hal_msp.o
 .ARM.attributes
                0x0000000000000496       0x34 ./Src/stm32f4xx_it.o
 .ARM.attributes
                0x00000000000004ca       0x34 ./Src/sysmem.o
 .ARM.attributes
                0x00000000000004fe       0x34 ./Src/system_stm32f4xx.o
 .ARM.attributes
                0x0000000000000532       0x34 ./Src/tim.o
 .ARM.attributes
                0x0000000000000566       0x34 ./Src/usart.o
 .ARM.attributes
                0x000000000000059a       0x21 ./Startup/startup_stm32f407vgtx.o
 .ARM.attributes
                0x00000000000005bb       0x34 ./W5500_Library/Ethernet/W5500/w5500.o
 .ARM.attributes
                0x00000000000005ef       0x34 ./W5500_Library/Ethernet/socket.o
 .ARM.attributes
                0x0000000000000623       0x34 ./W5500_Library/Ethernet/wizchip_conf.o
 .ARM.attributes
                0x0000000000000657       0x34 C:/ST/STM32CubeIDE_1.14.1/STM32CubeIDE/plugins/com.st.stm32cube.ide.mcu.externaltools.gnu-tools-for-stm32.11.3.rel1.win32_1.1.100.202309141235/tools/bin/../lib/gcc/arm-none-eabi/11.3.1/../../../../arm-none-eabi/lib/thumb/v7e-m+fp/hard\libc_nano.a(libc_a-atoi.o)
 .ARM.attributes
                0x000000000000068b       0x34 C:/ST/STM32CubeIDE_1.14.1/STM32CubeIDE/plugins/com.st.stm32cube.ide.mcu.externaltools.gnu-tools-for-stm32.11.3.rel1.win32_1.1.100.202309141235/tools/bin/../lib/gcc/arm-none-eabi/11.3.1/../../../../arm-none-eabi/lib/thumb/v7e-m+fp/hard\libc_nano.a(libc_a-strtol.o)
 .ARM.attributes
                0x00000000000006bf       0x34 C:/ST/STM32CubeIDE_1.14.1/STM32CubeIDE/plugins/com.st.stm32cube.ide.mcu.externaltools.gnu-tools-for-stm32.11.3.rel1.win32_1.1.100.202309141235/tools/bin/../lib/gcc/arm-none-eabi/11.3.1/../../../../arm-none-eabi/lib/thumb/v7e-m+fp/hard\libc_nano.a(libc_a-ctype_.o)
 .ARM.attributes
                0x00000000000006f3       0x34 C:/ST/STM32CubeIDE_1.14.1/STM32CubeIDE/plugins/com.st.stm32cube.ide.mcu.externaltools.gnu-tools-for-stm32.11.3.rel1.win32_1.1.100.202309141235/tools/bin/../lib/gcc/arm-none-eabi/11.3.1/../../../../arm-none-eabi/lib/thumb/v7e-m+fp/hard\libc_nano.a(libc_a-findfp.o)
 .ARM.attributes
                0x0000000000000727       0x34 C:/ST/STM32CubeIDE_1.14.1/STM32CubeIDE/plugins/com.st.stm32cube.ide.mcu.externaltools.gnu-tools-for-stm32.11.3.rel1.win32_1.1.100.202309141235/tools/bin/../lib/gcc/arm-none-eabi/11.3.1/../../../../arm-none-eabi/lib/thumb/v7e-m+fp/hard\libc_nano.a(libc_a-sprintf.o)
 .ARM.attributes
                0x000000000000075b       0x34 C:/ST/STM32CubeIDE_1.14.1/STM32CubeIDE/plugins/com.st.stm32cube.ide.mcu.externaltools.gnu-tools-for-stm32.11.3.rel1.win32_1.1.100.202309141235/tools/bin/../lib/gcc/arm-none-eabi/11.3.1/../../../../arm-none-eabi/lib/thumb/v7e-m+fp/hard\libc_nano.a(libc_a-memset.o)
 .ARM.attributes
                0x000000000000078f       0x34 C:/ST/STM32CubeIDE_1.14.1/STM32CubeIDE/plugins/com.st.stm32cube.ide.mcu.externaltools.gnu-tools-for-stm32.11.3.rel1.win32_1.1.100.202309141235/tools/bin/../lib/gcc/arm-none-eabi/11.3.1/../../../../arm-none-eabi/lib/thumb/v7e-m+fp/hard\libc_nano.a(libc_a-reent.o)
 .ARM.attributes
                0x00000000000007c3       0x34 C:/ST/STM32CubeIDE_1.14.1/STM32CubeIDE/plugins/com.st.stm32cube.ide.mcu.externaltools.gnu-tools-for-stm32.11.3.rel1.win32_1.1.100.202309141235/tools/bin/../lib/gcc/arm-none-eabi/11.3.1/../../../../arm-none-eabi/lib/thumb/v7e-m+fp/hard\libc_nano.a(libc_a-impure.o)
 .ARM.attributes
                0x00000000000007f7       0x34 C:/ST/STM32CubeIDE_1.14.1/STM32CubeIDE/plugins/com.st.stm32cube.ide.mcu.externaltools.gnu-tools-for-stm32.11.3.rel1.win32_1.1.100.202309141235/tools/bin/../lib/gcc/arm-none-eabi/11.3.1/../../../../arm-none-eabi/lib/thumb/v7e-m+fp/hard\libc_nano.a(libc_a-errno.o)
 .ARM.attributes
                0x000000000000082b       0x34 C:/ST/STM32CubeIDE_1.14.1/STM32CubeIDE/plugins/com.st.stm32cube.ide.mcu.externaltools.gnu-tools-for-stm32.11.3.rel1.win32_1.1.100.202309141235/tools/bin/../lib/gcc/arm-none-eabi/11.3.1/../../../../arm-none-eabi/lib/thumb/v7e-m+fp/hard\libc_nano.a(libc_a-init.o)
 .ARM.attributes
                0x000000000000085f       0x34 C:/ST/STM32CubeIDE_1.14.1/STM32CubeIDE/plugins/com.st.stm32cube.ide.mcu.externaltools.gnu-tools-for-stm32.11.3.rel1.win32_1.1.100.202309141235/tools/bin/../lib/gcc/arm-none-eabi/11.3.1/../../../../arm-none-eabi/lib/thumb/v7e-m+fp/hard\libc_nano.a(libc_a-lock.o)
 .ARM.attributes
                0x0000000000000893       0x34 C:/ST/STM32CubeIDE_1.14.1/STM32CubeIDE/plugins/com.st.stm32cube.ide.mcu.externaltools.gnu-tools-for-stm32.11.3.rel1.win32_1.1.100.202309141235/tools/bin/../lib/gcc/arm-none-eabi/11.3.1/../../../../arm-none-eabi/lib/thumb/v7e-m+fp/hard\libc_nano.a(libc_a-memcpy-stub.o)
 .ARM.attributes
                0x00000000000008c7       0x17 C:/ST/STM32CubeIDE_1.14.1/STM32CubeIDE/plugins/com.st.stm32cube.ide.mcu.externaltools.gnu-tools-for-stm32.11.3.rel1.win32_1.1.100.202309141235/tools/bin/../lib/gcc/arm-none-eabi/11.3.1/../../../../arm-none-eabi/lib/thumb/v7e-m+fp/hard\libc_nano.a(libc_a-strlen.o)
 .ARM.attributes
                0x00000000000008de       0x34 C:/ST/STM32CubeIDE_1.14.1/STM32CubeIDE/plugins/com.st.stm32cube.ide.mcu.externaltools.gnu-tools-for-stm32.11.3.rel1.win32_1.1.100.202309141235/tools/bin/../lib/gcc/arm-none-eabi/11.3.1/../../../../arm-none-eabi/lib/thumb/v7e-m+fp/hard\libc_nano.a(libc_a-freer.o)
 .ARM.attributes
                0x0000000000000912       0x34 C:/ST/STM32CubeIDE_1.14.1/STM32CubeIDE/plugins/com.st.stm32cube.ide.mcu.externaltools.gnu-tools-for-stm32.11.3.rel1.win32_1.1.100.202309141235/tools/bin/../lib/gcc/arm-none-eabi/11.3.1/../../../../arm-none-eabi/lib/thumb/v7e-m+fp/hard\libc_nano.a(libc_a-mallocr.o)
 .ARM.attributes
                0x0000000000000946       0x34 C:/ST/STM32CubeIDE_1.14.1/STM32CubeIDE/plugins/com.st.stm32cube.ide.mcu.externaltools.gnu-tools-for-stm32.11.3.rel1.win32_1.1.100.202309141235/tools/bin/../lib/gcc/arm-none-eabi/11.3.1/../../../../arm-none-eabi/lib/thumb/v7e-m+fp/hard\libc_nano.a(libc_a-mlock.o)
 .ARM.attributes
                0x000000000000097a       0x34 C:/ST/STM32CubeIDE_1.14.1/STM32CubeIDE/plugins/com.st.stm32cube.ide.mcu.externaltools.gnu-tools-for-stm32.11.3.rel1.win32_1.1.100.202309141235/tools/bin/../lib/gcc/arm-none-eabi/11.3.1/../../../../arm-none-eabi/lib/thumb/v7e-m+fp/hard\libc_nano.a(libc_a-nano-svfprintf.o)
 .ARM.attributes
                0x00000000000009ae       0x34 C:/ST/STM32CubeIDE_1.14.1/STM32CubeIDE/plugins/com.st.stm32cube.ide.mcu.externaltools.gnu-tools-for-stm32.11.3.rel1.win32_1.1.100.202309141235/tools/bin/../lib/gcc/arm-none-eabi/11.3.1/../../../../arm-none-eabi/lib/thumb/v7e-m+fp/hard\libc_nano.a(libc_a-nano-vfprintf_i.o)
 .ARM.attributes
                0x00000000000009e2       0x34 C:/ST/STM32CubeIDE_1.14.1/STM32CubeIDE/plugins/com.st.stm32cube.ide.mcu.externaltools.gnu-tools-for-stm32.11.3.rel1.win32_1.1.100.202309141235/tools/bin/../lib/gcc/arm-none-eabi/11.3.1/../../../../arm-none-eabi/lib/thumb/v7e-m+fp/hard\libc_nano.a(libc_a-memmove.o)
 .ARM.attributes
                0x0000000000000a16       0x34 C:/ST/STM32CubeIDE_1.14.1/STM32CubeIDE/plugins/com.st.stm32cube.ide.mcu.externaltools.gnu-tools-for-stm32.11.3.rel1.win32_1.1.100.202309141235/tools/bin/../lib/gcc/arm-none-eabi/11.3.1/../../../../arm-none-eabi/lib/thumb/v7e-m+fp/hard\libc_nano.a(libc_a-sbrkr.o)
 .ARM.attributes
                0x0000000000000a4a       0x1c C:/ST/STM32CubeIDE_1.14.1/STM32CubeIDE/plugins/com.st.stm32cube.ide.mcu.externaltools.gnu-tools-for-stm32.11.3.rel1.win32_1.1.100.202309141235/tools/bin/../lib/gcc/arm-none-eabi/11.3.1/../../../../arm-none-eabi/lib/thumb/v7e-m+fp/hard\libc_nano.a(libc_a-memchr.o)
 .ARM.attributes
                0x0000000000000a66       0x34 C:/ST/STM32CubeIDE_1.14.1/STM32CubeIDE/plugins/com.st.stm32cube.ide.mcu.externaltools.gnu-tools-for-stm32.11.3.rel1.win32_1.1.100.202309141235/tools/bin/../lib/gcc/arm-none-eabi/11.3.1/../../../../arm-none-eabi/lib/thumb/v7e-m+fp/hard\libc_nano.a(libc_a-reallocr.o)
 .ARM.attributes
                0x0000000000000a9a       0x34 C:/ST/STM32CubeIDE_1.14.1/STM32CubeIDE/plugins/com.st.stm32cube.ide.mcu.externaltools.gnu-tools-for-stm32.11.3.rel1.win32_1.1.100.202309141235/tools/bin/../lib/gcc/arm-none-eabi/11.3.1/../../../../arm-none-eabi/lib/thumb/v7e-m+fp/hard\libc_nano.a(libc_a-msizer.o)
 .ARM.attributes
                0x0000000000000ace       0x1e C:/ST/STM32CubeIDE_1.14.1/STM32CubeIDE/plugins/com.st.stm32cube.ide.mcu.externaltools.gnu-tools-for-stm32.11.3.rel1.win32_1.1.100.202309141235/tools/bin/../lib/gcc/arm-none-eabi/11.3.1/thumb/v7e-m+fp/hard\libgcc.a(_arm_addsubdf3.o)
 .ARM.attributes
                0x0000000000000aec       0x1e C:/ST/STM32CubeIDE_1.14.1/STM32CubeIDE/plugins/com.st.stm32cube.ide.mcu.externaltools.gnu-tools-for-stm32.11.3.rel1.win32_1.1.100.202309141235/tools/bin/../lib/gcc/arm-none-eabi/11.3.1/thumb/v7e-m+fp/hard\libgcc.a(_arm_muldivdf3.o)
 .ARM.attributes
                0x0000000000000b0a       0x1e C:/ST/STM32CubeIDE_1.14.1/STM32CubeIDE/plugins/com.st.stm32cube.ide.mcu.externaltools.gnu-tools-for-stm32.11.3.rel1.win32_1.1.100.202309141235/tools/bin/../lib/gcc/arm-none-eabi/11.3.1/thumb/v7e-m+fp/hard\libgcc.a(_arm_fixunsdfsi.o)
 .ARM.attributes
                0x0000000000000b28       0x1e C:/ST/STM32CubeIDE_1.14.1/STM32CubeIDE/plugins/com.st.stm32cube.ide.mcu.externaltools.gnu-tools-for-stm32.11.3.rel1.win32_1.1.100.202309141235/tools/bin/../lib/gcc/arm-none-eabi/11.3.1/thumb/v7e-m+fp/hard\libgcc.a(_aeabi_uldivmod.o)
 .ARM.attributes
                0x0000000000000b46       0x34 C:/ST/STM32CubeIDE_1.14.1/STM32CubeIDE/plugins/com.st.stm32cube.ide.mcu.externaltools.gnu-tools-for-stm32.11.3.rel1.win32_1.1.100.202309141235/tools/bin/../lib/gcc/arm-none-eabi/11.3.1/thumb/v7e-m+fp/hard\libgcc.a(_udivmoddi4.o)
 .ARM.attributes
                0x0000000000000b7a       0x1e C:/ST/STM32CubeIDE_1.14.1/STM32CubeIDE/plugins/com.st.stm32cube.ide.mcu.externaltools.gnu-tools-for-stm32.11.3.rel1.win32_1.1.100.202309141235/tools/bin/../lib/gcc/arm-none-eabi/11.3.1/thumb/v7e-m+fp/hard\libgcc.a(_dvmd_tls.o)
 .ARM.attributes
                0x0000000000000b98       0x1e C:/ST/STM32CubeIDE_1.14.1/STM32CubeIDE/plugins/com.st.stm32cube.ide.mcu.externaltools.gnu-tools-for-stm32.11.3.rel1.win32_1.1.100.202309141235/tools/bin/../lib/gcc/arm-none-eabi/11.3.1/thumb/v7e-m+fp/hard/crtn.o
OUTPUT(SOFinalProject.elf elf32-littlearm)
LOAD linker stubs
LOAD C:/ST/STM32CubeIDE_1.14.1/STM32CubeIDE/plugins/com.st.stm32cube.ide.mcu.externaltools.gnu-tools-for-stm32.11.3.rel1.win32_1.1.100.202309141235/tools/bin/../lib/gcc/arm-none-eabi/11.3.1/../../../../arm-none-eabi/lib/thumb/v7e-m+fp/hard\libc.a
LOAD C:/ST/STM32CubeIDE_1.14.1/STM32CubeIDE/plugins/com.st.stm32cube.ide.mcu.externaltools.gnu-tools-for-stm32.11.3.rel1.win32_1.1.100.202309141235/tools/bin/../lib/gcc/arm-none-eabi/11.3.1/../../../../arm-none-eabi/lib/thumb/v7e-m+fp/hard\libm.a
LOAD C:/ST/STM32CubeIDE_1.14.1/STM32CubeIDE/plugins/com.st.stm32cube.ide.mcu.externaltools.gnu-tools-for-stm32.11.3.rel1.win32_1.1.100.202309141235/tools/bin/../lib/gcc/arm-none-eabi/11.3.1/thumb/v7e-m+fp/hard\libgcc.a

.comment        0x0000000000000000       0x43
 .comment       0x0000000000000000       0x43 C:/ST/STM32CubeIDE_1.14.1/STM32CubeIDE/plugins/com.st.stm32cube.ide.mcu.externaltools.gnu-tools-for-stm32.11.3.rel1.win32_1.1.100.202309141235/tools/bin/../lib/gcc/arm-none-eabi/11.3.1/thumb/v7e-m+fp/hard/crtbegin.o
                                         0x44 (size before relaxing)
 .comment       0x0000000000000043       0x44 ./Drivers/STM32F4xx_HAL_Driver/Src/stm32f4xx_hal.o
 .comment       0x0000000000000043       0x44 ./Drivers/STM32F4xx_HAL_Driver/Src/stm32f4xx_hal_adc.o
 .comment       0x0000000000000043       0x44 ./Drivers/STM32F4xx_HAL_Driver/Src/stm32f4xx_hal_cortex.o
 .comment       0x0000000000000043       0x44 ./Drivers/STM32F4xx_HAL_Driver/Src/stm32f4xx_hal_gpio.o
 .comment       0x0000000000000043       0x44 ./Drivers/STM32F4xx_HAL_Driver/Src/stm32f4xx_hal_rcc.o
 .comment       0x0000000000000043       0x44 ./Drivers/STM32F4xx_HAL_Driver/Src/stm32f4xx_hal_spi.o
 .comment       0x0000000000000043       0x44 ./Drivers/STM32F4xx_HAL_Driver/Src/stm32f4xx_hal_tim.o
 .comment       0x0000000000000043       0x44 ./Drivers/STM32F4xx_HAL_Driver/Src/stm32f4xx_hal_tim_ex.o
 .comment       0x0000000000000043       0x44 ./Drivers/STM32F4xx_HAL_Driver/Src/stm32f4xx_hal_uart.o
 .comment       0x0000000000000043       0x44 ./Middlewares/Third_Party/FreeRTOS/Source/CMSIS_RTOS/cmsis_os.o
 .comment       0x0000000000000043       0x44 ./Middlewares/Third_Party/FreeRTOS/Source/list.o
 .comment       0x0000000000000043       0x44 ./Middlewares/Third_Party/FreeRTOS/Source/queue.o
 .comment       0x0000000000000043       0x44 ./Middlewares/Third_Party/FreeRTOS/Source/tasks.o
 .comment       0x0000000000000043       0x44 ./Middlewares/Third_Party/FreeRTOS/Source/portable/GCC/ARM_CM4F/port.o
 .comment       0x0000000000000043       0x44 ./Middlewares/Third_Party/FreeRTOS/Source/portable/MemMang/heap_4.o
 .comment       0x0000000000000043       0x44 ./Src/adc.o
 .comment       0x0000000000000043       0x44 ./Src/freertos.o
 .comment       0x0000000000000043       0x44 ./Src/gpio.o
 .comment       0x0000000000000043       0x44 ./Src/main.o
 .comment       0x0000000000000043       0x44 ./Src/spi.o
 .comment       0x0000000000000043       0x44 ./Src/stm32f4xx_hal_msp.o
 .comment       0x0000000000000043       0x44 ./Src/stm32f4xx_it.o
 .comment       0x0000000000000043       0x44 ./Src/sysmem.o
 .comment       0x0000000000000043       0x44 ./Src/system_stm32f4xx.o
 .comment       0x0000000000000043       0x44 ./Src/tim.o
 .comment       0x0000000000000043       0x44 ./Src/usart.o
 .comment       0x0000000000000043       0x44 ./W5500_Library/Ethernet/W5500/w5500.o
 .comment       0x0000000000000043       0x44 ./W5500_Library/Ethernet/socket.o
 .comment       0x0000000000000043       0x44 ./W5500_Library/Ethernet/wizchip_conf.o

.debug_info     0x0000000000000000    0x18900
 .debug_info    0x0000000000000000      0x944 ./Drivers/STM32F4xx_HAL_Driver/Src/stm32f4xx_hal.o
 .debug_info    0x0000000000000944      0xce3 ./Drivers/STM32F4xx_HAL_Driver/Src/stm32f4xx_hal_adc.o
 .debug_info    0x0000000000001627      0xd8c ./Drivers/STM32F4xx_HAL_Driver/Src/stm32f4xx_hal_cortex.o
 .debug_info    0x00000000000023b3      0x6c3 ./Drivers/STM32F4xx_HAL_Driver/Src/stm32f4xx_hal_gpio.o
 .debug_info    0x0000000000002a76      0x8c3 ./Drivers/STM32F4xx_HAL_Driver/Src/stm32f4xx_hal_rcc.o
 .debug_info    0x0000000000003339     0x1525 ./Drivers/STM32F4xx_HAL_Driver/Src/stm32f4xx_hal_spi.o
 .debug_info    0x000000000000485e     0x299d ./Drivers/STM32F4xx_HAL_Driver/Src/stm32f4xx_hal_tim.o
 .debug_info    0x00000000000071fb     0x14db ./Drivers/STM32F4xx_HAL_Driver/Src/stm32f4xx_hal_tim_ex.o
 .debug_info    0x00000000000086d6     0x2f4f ./Drivers/STM32F4xx_HAL_Driver/Src/stm32f4xx_hal_uart.o
 .debug_info    0x000000000000b625     0x1b60 ./Middlewares/Third_Party/FreeRTOS/Source/CMSIS_RTOS/cmsis_os.o