../W5500_Library/Ethernet/socket.c:196:8:socket	48	static
../W5500_Library/Ethernet/socket.c:344:8:close	16	static
../W5500_Library/Ethernet/socket.c:387:8:listen	16	static
../W5500_Library/Ethernet/socket.c:402:8:connect_W5x00	16	static
../W5500_Library/Ethernet/socket.c:410:8:connect_W6x00	16	static
../W5500_Library/Ethernet/socket.c:418:15:connect_IO_6	24	static
../W5500_Library/Ethernet/socket.c:484:8:disconnect	16	static
../W5500_Library/Ethernet/socket.c:509:9:send	24	static
../W5500_Library/Ethernet/socket.c:625:9:recv	32	static
../W5500_Library/Ethernet/socket.c:739:9:sendto_W5x00	32	static
../W5500_Library/Ethernet/socket.c:745:9:sendto_W6x00	32	static
../W5500_Library/Ethernet/socket.c:751:16:sendto_IO_6	32	static
../W5500_Library/Ethernet/socket.c:898:9:recvfrom_W5x00	40	static
../W5500_Library/Ethernet/socket.c:906:9:recvfrom_W6x00	32	static
../W5500_Library/Ethernet/socket.c:911:16:recvfrom_IO_6	40	static
../W5500_Library/Ethernet/socket.c:1174:9:ctlsocket	24	static
../W5500_Library/Ethernet/socket.c:1229:9:setsockopt	16	static
../W5500_Library/Ethernet/socket.c:1287:8:getsockopt	24	static
