../Src/freertos.c:101:6:vApplicationGetIdleTaskMemory	24	static
../Src/freertos.c:115:6:MX_FREERTOS_Init	160	static
../Src/freertos.c:174:6:StartDefaultTask	16	static
../Src/freertos.c:189:6:StartPwmTask	24	static
../Src/freertos.c:209:6:StartAdcTask	56	static
../Src/freertos.c:237:6:StartRxW5500Task	2104	static
../Src/freertos.c:298:6:StartTxW5500Task	48	static
../Src/freertos.c:325:6:w5500_spi_select	8	static
../Src/freertos.c:329:6:w5500_spi_deselect	8	static
../Src/freertos.c:333:6:w5500_spi_write_byte	16	static
../Src/freertos.c:337:9:w5500_spi_read_byte	16	static
